Archive member included to satisfy reference by file (symbol)

c:/st/stm32cubeide_1.7.0/stm32cubeide/plugins/com.st.stm32cube.ide.mcu.externaltools.gnu-tools-for-stm32.9-2020-q2-update.win32_2.0.0.202105311346/tools/bin/../lib/gcc/arm-none-eabi/9.3.1/../../../../arm-none-eabi/lib/thumb/v6-m/nofp\libc_nano.a(lib_a-errno.o)
                              ./Core/Src/syscalls.o (__errno)
c:/st/stm32cubeide_1.7.0/stm32cubeide/plugins/com.st.stm32cube.ide.mcu.externaltools.gnu-tools-for-stm32.9-2020-q2-update.win32_2.0.0.202105311346/tools/bin/../lib/gcc/arm-none-eabi/9.3.1/../../../../arm-none-eabi/lib/thumb/v6-m/nofp\libc_nano.a(lib_a-exit.o)
                              c:/st/stm32cubeide_1.7.0/stm32cubeide/plugins/com.st.stm32cube.ide.mcu.externaltools.gnu-tools-for-stm32.9-2020-q2-update.win32_2.0.0.202105311346/tools/bin/../lib/gcc/arm-none-eabi/9.3.1/../../../../arm-none-eabi/lib/thumb/v6-m/nofp/crt0.o (exit)
c:/st/stm32cubeide_1.7.0/stm32cubeide/plugins/com.st.stm32cube.ide.mcu.externaltools.gnu-tools-for-stm32.9-2020-q2-update.win32_2.0.0.202105311346/tools/bin/../lib/gcc/arm-none-eabi/9.3.1/../../../../arm-none-eabi/lib/thumb/v6-m/nofp\libc_nano.a(lib_a-impure.o)
                              c:/st/stm32cubeide_1.7.0/stm32cubeide/plugins/com.st.stm32cube.ide.mcu.externaltools.gnu-tools-for-stm32.9-2020-q2-update.win32_2.0.0.202105311346/tools/bin/../lib/gcc/arm-none-eabi/9.3.1/../../../../arm-none-eabi/lib/thumb/v6-m/nofp\libc_nano.a(lib_a-exit.o) (_global_impure_ptr)
c:/st/stm32cubeide_1.7.0/stm32cubeide/plugins/com.st.stm32cube.ide.mcu.externaltools.gnu-tools-for-stm32.9-2020-q2-update.win32_2.0.0.202105311346/tools/bin/../lib/gcc/arm-none-eabi/9.3.1/../../../../arm-none-eabi/lib/thumb/v6-m/nofp\libc_nano.a(lib_a-init.o)
                              c:/st/stm32cubeide_1.7.0/stm32cubeide/plugins/com.st.stm32cube.ide.mcu.externaltools.gnu-tools-for-stm32.9-2020-q2-update.win32_2.0.0.202105311346/tools/bin/../lib/gcc/arm-none-eabi/9.3.1/../../../../arm-none-eabi/lib/thumb/v6-m/nofp/crt0.o (__libc_init_array)
c:/st/stm32cubeide_1.7.0/stm32cubeide/plugins/com.st.stm32cube.ide.mcu.externaltools.gnu-tools-for-stm32.9-2020-q2-update.win32_2.0.0.202105311346/tools/bin/../lib/gcc/arm-none-eabi/9.3.1/../../../../arm-none-eabi/lib/thumb/v6-m/nofp\libc_nano.a(lib_a-memset.o)
                              c:/st/stm32cubeide_1.7.0/stm32cubeide/plugins/com.st.stm32cube.ide.mcu.externaltools.gnu-tools-for-stm32.9-2020-q2-update.win32_2.0.0.202105311346/tools/bin/../lib/gcc/arm-none-eabi/9.3.1/../../../../arm-none-eabi/lib/thumb/v6-m/nofp/crt0.o (memset)
c:/st/stm32cubeide_1.7.0/stm32cubeide/plugins/com.st.stm32cube.ide.mcu.externaltools.gnu-tools-for-stm32.9-2020-q2-update.win32_2.0.0.202105311346/tools/bin/../lib/gcc/arm-none-eabi/9.3.1/../../../../arm-none-eabi/lib/thumb/v6-m/nofp\libc_nano.a(lib_a-sprintf.o)
                              ./Core/Src/ESP01.o (sprintf)
c:/st/stm32cubeide_1.7.0/stm32cubeide/plugins/com.st.stm32cube.ide.mcu.externaltools.gnu-tools-for-stm32.9-2020-q2-update.win32_2.0.0.202105311346/tools/bin/../lib/gcc/arm-none-eabi/9.3.1/../../../../arm-none-eabi/lib/thumb/v6-m/nofp\libc_nano.a(lib_a-strcat.o)
                              ./Core/Src/ESP01.o (strcat)
c:/st/stm32cubeide_1.7.0/stm32cubeide/plugins/com.st.stm32cube.ide.mcu.externaltools.gnu-tools-for-stm32.9-2020-q2-update.win32_2.0.0.202105311346/tools/bin/../lib/gcc/arm-none-eabi/9.3.1/../../../../arm-none-eabi/lib/thumb/v6-m/nofp\libc_nano.a(lib_a-strcmp.o)
                              ./Core/Src/parser.o (strcmp)
c:/st/stm32cubeide_1.7.0/stm32cubeide/plugins/com.st.stm32cube.ide.mcu.externaltools.gnu-tools-for-stm32.9-2020-q2-update.win32_2.0.0.202105311346/tools/bin/../lib/gcc/arm-none-eabi/9.3.1/../../../../arm-none-eabi/lib/thumb/v6-m/nofp\libc_nano.a(lib_a-strlen.o)
                              ./Core/Src/ESP01.o (strlen)
c:/st/stm32cubeide_1.7.0/stm32cubeide/plugins/com.st.stm32cube.ide.mcu.externaltools.gnu-tools-for-stm32.9-2020-q2-update.win32_2.0.0.202105311346/tools/bin/../lib/gcc/arm-none-eabi/9.3.1/../../../../arm-none-eabi/lib/thumb/v6-m/nofp\libc_nano.a(lib_a-strstr.o)
                              ./Core/Src/parser.o (strstr)
c:/st/stm32cubeide_1.7.0/stm32cubeide/plugins/com.st.stm32cube.ide.mcu.externaltools.gnu-tools-for-stm32.9-2020-q2-update.win32_2.0.0.202105311346/tools/bin/../lib/gcc/arm-none-eabi/9.3.1/../../../../arm-none-eabi/lib/thumb/v6-m/nofp\libc_nano.a(lib_a-nano-svfprintf.o)
                              c:/st/stm32cubeide_1.7.0/stm32cubeide/plugins/com.st.stm32cube.ide.mcu.externaltools.gnu-tools-for-stm32.9-2020-q2-update.win32_2.0.0.202105311346/tools/bin/../lib/gcc/arm-none-eabi/9.3.1/../../../../arm-none-eabi/lib/thumb/v6-m/nofp\libc_nano.a(lib_a-sprintf.o) (_svfprintf_r)
[...]
Memory Configuration

Name             Origin             Length             Attributes
RAM              0x0000000020000000 0x0000000000002000 xrw
FLASH            0x0000000008000000 0x0000000000008000 xr
*default*        0x0000000000000000 0xffffffffffffffff

Linker script and memory map

LOAD c:/st/stm32cubeide_1.7.0/stm32cubeide/plugins/com.st.stm32cube.ide.mcu.externaltools.gnu-tools-for-stm32.9-2020-q2-update.win32_2.0.0.202105311346/tools/bin/../lib/gcc/arm-none-eabi/9.3.1/thumb/v6-m/nofp/crti.o
LOAD c:/st/stm32cubeide_1.7.0/stm32cubeide/plugins/com.st.stm32cube.ide.mcu.externaltools.gnu-tools-for-stm32.9-2020-q2-update.win32_2.0.0.202105311346/tools/bin/../lib/gcc/arm-none-eabi/9.3.1/thumb/v6-m/nofp/crtbegin.o
LOAD c:/st/stm32cubeide_1.7.0/stm32cubeide/plugins/com.st.stm32cube.ide.mcu.externaltools.gnu-tools-for-stm32.9-2020-q2-update.win32_2.0.0.202105311346/tools/bin/../lib/gcc/arm-none-eabi/9.3.1/../../../../arm-none-eabi/lib/thumb/v6-m/nofp/crt0.o
LOAD ./Core/Src/BMP280.o
LOAD ./Core/Src/ESP01.o
LOAD ./Core/Src/INA219.o
LOAD ./Core/Src/RingBuffer.o
LOAD ./Core/Src/Utilis.o
LOAD ./Core/Src/delay.o
LOAD ./Core/Src/dht11.o
LOAD ./Core/Src/gpio.o
LOAD ./Core/Src/i2c.o
LOAD ./Core/Src/main.o
LOAD ./Core/Src/parser.o
LOAD ./Core/Src/stm32l0xx_hal_msp.o
LOAD ./Core/Src/stm32l0xx_it.o
LOAD ./Core/Src/syscalls.o
LOAD ./Core/Src/sysmem.o
LOAD ./Core/Src/system_stm32l0xx.o
LOAD ./Core/Src/tim.o
LOAD ./Core/Src/usart.o
LOAD ./Core/Startup/startup_stm32l031k6tx.o
LOAD ./Drivers/STM32L0xx_HAL_Driver/Src/stm32l0xx_hal.o
LOAD ./Drivers/STM32L0xx_HAL_Driver/Src/stm32l0xx_hal_cortex.o
LOAD ./Drivers/STM32L0xx_HAL_Driver/Src/stm32l0xx_hal_dma.o
LOAD ./Drivers/STM32L0xx_HAL_Driver/Src/stm32l0xx_hal_exti.o
LOAD ./Drivers/STM32L0xx_HAL_Driver/Src/stm32l0xx_hal_flash.o
LOAD ./Drivers/STM32L0xx_HAL_Driver/Src/stm32l0xx_hal_flash_ex.o
LOAD ./Drivers/STM32L0xx_HAL_Driver/Src/stm32l0xx_hal_flash_ramfunc.o
LOAD ./Drivers/STM32L0xx_HAL_Driver/Src/stm32l0xx_hal_gpio.o
LOAD ./Drivers/STM32L0xx_HAL_Driver/Src/stm32l0xx_hal_i2c.o
LOAD ./Drivers/STM32L0xx_HAL_Driver/Src/stm32l0xx_hal_i2c_ex.o
LOAD ./Drivers/STM32L0xx_HAL_Driver/Src/stm32l0xx_hal_pwr.o
LOAD ./Drivers/STM32L0xx_HAL_Driver/Src/stm32l0xx_hal_pwr_ex.o
LOAD ./Drivers/STM32L0xx_HAL_Driver/Src/stm32l0xx_hal_rcc.o
LOAD ./Drivers/STM32L0xx_HAL_Driver/Src/stm32l0xx_hal_rcc_ex.o
LOAD ./Drivers/STM32L0xx_HAL_Driver/Src/stm32l0xx_hal_tim.o
LOAD ./Drivers/STM32L0xx_HAL_Driver/Src/stm32l0xx_hal_tim_ex.o
LOAD ./Drivers/STM32L0xx_HAL_Driver/Src/stm32l0xx_hal_uart.o
LOAD ./Drivers/STM32L0xx_HAL_Driver/Src/stm32l0xx_hal_uart_ex.o
START GROUP
LOAD c:/st/stm32cubeide_1.7.0/stm32cubeide/plugins/com.st.stm32cube.ide.mcu.externaltools.gnu-tools-for-stm32.9-2020-q2-update.win32_2.0.0.202105311346/tools/bin/../lib/gcc/arm-none-eabi/9.3.1/../../../../arm-none-eabi/lib/thumb/v6-m/nofp\libc_nano.a
LOAD c:/st/stm32cubeide_1.7.0/stm32cubeide/plugins/com.st.stm32cube.ide.mcu.externaltools.gnu-tools-for-stm32.9-2020-q2-update.win32_2.0.0.202105311346/tools/bin/../lib/gcc/arm-none-eabi/9.3.1/../../../../arm-none-eabi/lib/thumb/v6-m/nofp\libm.a
END GROUP
START GROUP
LOAD c:/st/stm32cubeide_1.7.0/stm32cubeide/plugins/com.st.stm32cube.ide.mcu.externaltools.gnu-tools-for-stm32.9-2020-q2-update.win32_2.0.0.202105311346/tools/bin/../lib/gcc/arm-none-eabi/9.3.1/thumb/v6-m/nofp\libgcc.a
LOAD c:/st/stm32cubeide_1.7.0/stm32cubeide/plugins/com.st.stm32cube.ide.mcu.externaltools.gnu-tools-for-stm32.9-2020-q2-update.win32_2.0.0.202105311346/tools/bin/../lib/gcc/arm-none-eabi/9.3.1/../../../../arm-none-eabi/lib/thumb/v6-m/nofp\libc_nano.a
END GROUP
START GROUP
LOAD c:/st/stm32cubeide_1.7.0/stm32cubeide/plugins/com.st.stm32cube.ide.mcu.externaltools.gnu-tools-for-stm32.9-2020-q2-update.win32_2.0.0.202105311346/tools/bin/../lib/gcc/arm-none-eabi/9.3.1/thumb/v6-m/nofp\libgcc.a
LOAD c:/st/stm32cubeide_1.7.0/stm32cubeide/plugins/com.st.stm32cube.ide.mcu.externaltools.gnu-tools-for-stm32.9-2020-q2-update.win32_2.0.0.202105311346/tools/bin/../lib/gcc/arm-none-eabi/9.3.1/../../../../arm-none-eabi/lib/thumb/v6-m/nofp\libc_nano.a
LOAD c:/st/stm32cubeide_1.7.0/stm32cubeide/plugins/com.st.stm32cube.ide.mcu.externaltools.gnu-tools-for-stm32.9-2020-q2-update.win32_2.0.0.202105311346/tools/bin/../lib/gcc/arm-none-eabi/9.3.1/../../../../arm-none-eabi/lib/thumb/v6-m/nofp\libnosys.a
END GROUP
START GROUP
LOAD c:/st/stm32cubeide_1.7.0/stm32cubeide/plugins/com.st.stm32cube.ide.mcu.externaltools.gnu-tools-for-stm32.9-2020-q2-update.win32_2.0.0.202105311346/tools/bin/../lib/gcc/arm-none-eabi/9.3.1/thumb/v6-m/nofp\libgcc.a
LOAD c:/st/stm32cubeide_1.7.0/stm32cubeide/plugins/com.st.stm32cube.ide.mcu.externaltools.gnu-tools-for-stm32.9-2020-q2-update.win32_2.0.0.202105311346/tools/bin/../lib/gcc/arm-none-eabi/9.3.1/../../../../arm-none-eabi/lib/thumb/v6-m/nofp\libc_nano.a
LOAD c:/st/stm32cubeide_1.7.0/stm32cubeide/plugins/com.st.stm32cube.ide.mcu.externaltools.gnu-tools-for-stm32.9-2020-q2-update.win32_2.0.0.202105311346/tools/bin/../lib/gcc/arm-none-eabi/9.3.1/../../../../arm-none-eabi/lib/thumb/v6-m/nofp\libnosys.a
END GROUP
LOAD c:/st/stm32cubeide_1.7.0/stm32cubeide/plugins/com.st.stm32cube.ide.mcu.externaltools.gnu-tools-for-stm32.9-2020-q2-update.win32_2.0.0.202105311346/tools/bin/../lib/gcc/arm-none-eabi/9.3.1/thumb/v6-m/nofp/crtend.o
LOAD c:/st/stm32cubeide_1.7.0/stm32cubeide/plugins/com.st.stm32cube.ide.mcu.externaltools.gnu-tools-for-stm32.9-2020-q2-update.win32_2.0.0.202105311346/tools/bin/../lib/gcc/arm-none-eabi/9.3.1/thumb/v6-m/nofp/crtn.o
                0x0000000020002000                _estack = (ORIGIN (RAM) + LENGTH (RAM))
                0x0000000000000200                _Min_Heap_Size = 0x200
                0x0000000000000400                _Min_Stack_Size = 0x400

.isr_vector     0x0000000008000000       0xc0
                0x0000000008000000                . = ALIGN (0x4)
 *(.isr_vector)
 .isr_vector    0x0000000008000000       0xc0 ./Core/Startup/startup_stm32l031k6tx.o
                0x0000000008000000                g_pfnVectors
                0x00000000080000c0                . = ALIGN (0x4)

.text           0x00000000080000c0     0x46e8
                0x00000000080000c0                . = ALIGN (0x4)
 *(.text)
 .text          0x00000000080000c0       0x48 c:/st/stm32cubeide_1.7.0/stm32cubeide/plugins/com.st.stm32cube.ide.mcu.externaltools.gnu-tools-for-stm32.9-2020-q2-update.win32_2.0.0.202105311346/tools/bin/../lib/gcc/arm-none-eabi/9.3.1/thumb/v6-m/nofp/crtbegin.o
 .text          0x0000000008000108        0xe c:/st/stm32cubeide_1.7.0/stm32cubeide/plugins/com.st.stm32cube.ide.mcu.externaltools.gnu-tools-for-stm32.9-2020-q2-update.win32_2.0.0.202105311346/tools/bin/../lib/gcc/arm-none-eabi/9.3.1/../../../../arm-none-eabi/lib/thumb/v6-m/nofp\libc_nano.a(lib_a-strlen.o)
                0x0000000008000108                strlen
 *fill*         0x0000000008000116        0x2 
 .text          0x0000000008000118       0x14 c:/st/stm32cubeide_1.7.0/stm32cubeide/plugins/com.st.stm32cube.ide.mcu.externaltools.gnu-tools-for-stm32.9-2020-q2-update.win32_2.0.0.202105311346/tools/bin/../lib/gcc/arm-none-eabi/9.3.1/thumb/v6-m/nofp\libgcc.a(_thumb1_case_sqi.o)
                0x0000000008000118                __gnu_thumb1_case_sqi
 .text          0x000000000800012c       0x14 c:/st/stm32cubeide_1.7.0/stm32cubeide/plugins/com.st.stm32cube.ide.mcu.externaltools.gnu-tools-for-stm32.9-2020-q2-update.win32_2.0.0.202105311346/tools/bin/../lib/gcc/arm-none-eabi/9.3.1/thumb/v6-m/nofp\libgcc.a(_thumb1_case_uqi.o)
                0x000000000800012c                __gnu_thumb1_case_uqi
 .text          0x0000000008000140       0x14 c:/st/stm32cubeide_1.7.0/stm32cubeide/plugins/com.st.stm32cube.ide.mcu.externaltools.gnu-tools-for-stm32.9-2020-q2-update.win32_2.0.0.202105311346/tools/bin/../lib/gcc/arm-none-eabi/9.3.1/thumb/v6-m/nofp\libgcc.a(_thumb1_case_shi.o)
                0x0000000008000140                __gnu_thumb1_case_shi
 .text          0x0000000008000154      0x114 c:/st/stm32cubeide_1.7.0/stm32cubeide/plugins/com.st.stm32cube.ide.mcu.externaltools.gnu-tools-for-stm32.9-2020-q2-update.win32_2.0.0.202105311346/tools/bin/../lib/gcc/arm-none-eabi/9.3.1/thumb/v6-m/nofp\libgcc.a(_udivsi3.o)
                0x0000000008000154                __aeabi_uidiv
                0x0000000008000154                __udivsi3
                0x0000000008000260                __aeabi_uidivmod
 .text          0x0000000008000268      0x1d4 c:/st/stm32cubeide_1.7.0/stm32cubeide/plugins/com.st.stm32cube.ide.mcu.externaltools.gnu-tools-for-stm32.9-2020-q2-update.win32_2.0.0.202105311346/tools/bin/../lib/gcc/arm-none-eabi/9.3.1/thumb/v6-m/nofp\libgcc.a(_divsi3.o)
                0x0000000008000268                __divsi3
                0x0000000008000268                __aeabi_idiv
                0x0000000008000434                __aeabi_idivmod
 .text          0x000000000800043c        0x4 c:/st/stm32cubeide_1.7.0/stm32cubeide/plugins/com.st.stm32cube.ide.mcu.externaltools.gnu-tools-for-stm32.9-2020-q2-update.win32_2.0.0.202105311346/tools/bin/../lib/gcc/arm-none-eabi/9.3.1/thumb/v6-m/nofp\libgcc.a(_dvmd_tls.o)
                0x000000000800043c                __aeabi_idiv0
                0x000000000800043c                __aeabi_ldiv0
 .text          0x0000000008000440       0x40 c:/st/stm32cubeide_1.7.0/stm32cubeide/plugins/com.st.stm32cube.ide.mcu.externaltools.gnu-tools-for-stm32.9-2020-q2-update.win32_2.0.0.202105311346/tools/bin/../lib/gcc/arm-none-eabi/9.3.1/thumb/v6-m/nofp\libgcc.a(_aeabi_uldivmod.o)
                0x0000000008000440                __aeabi_uldivmod
 .text          0x0000000008000480       0x50 c:/st/stm32cubeide_1.7.0/stm32cubeide/plugins/com.st.stm32cube.ide.mcu.externaltools.gnu-tools-for-stm32.9-2020-q2-update.win32_2.0.0.202105311346/tools/bin/../lib/gcc/arm-none-eabi/9.3.1/thumb/v6-m/nofp\libgcc.a(_muldi3.o)
                0x0000000008000480                __muldi3
                0x0000000008000480                __aeabi_lmul
 .text          0x00000000080004d0       0x30 c:/st/stm32cubeide_1.7.0/stm32cubeide/plugins/com.st.stm32cube.ide.mcu.externaltools.gnu-tools-for-stm32.9-2020-q2-update.win32_2.0.0.202105311346/tools/bin/../lib/gcc/arm-none-eabi/9.3.1/thumb/v6-m/nofp\libgcc.a(_fixunssfsi.o)
                0x00000000080004d0                __fixunssfsi
                0x00000000080004d0                __aeabi_f2uiz
 .text          0x0000000008000500      0x198 c:/st/stm32cubeide_1.7.0/stm32cubeide/plugins/com.st.stm32cube.ide.mcu.externaltools.gnu-tools-for-stm32.9-2020-q2-update.win32_2.0.0.202105311346/tools/bin/../lib/gcc/arm-none-eabi/9.3.1/thumb/v6-m/nofp\libgcc.a(_udivmoddi4.o)
                0x0000000008000500                __udivmoddi4
 .text          0x0000000008000698      0x234 c:/st/stm32cubeide_1.7.0/stm32cubeide/plugins/com.st.stm32cube.ide.mcu.externaltools.gnu-tools-for-stm32.9-2020-q2-update.win32_2.0.0.202105311346/tools/bin/../lib/gcc/arm-none-eabi/9.3.1/thumb/v6-m/nofp\libgcc.a(mulsf3.o)
                0x0000000008000698                __aeabi_fmul
 .text          0x00000000080008cc      0x390 c:/st/stm32cubeide_1.7.0/stm32cubeide/plugins/com.st.stm32cube.ide.mcu.externaltools.gnu-tools-for-stm32.9-2020-q2-update.win32_2.0.0.202105311346/tools/bin/../lib/gcc/arm-none-eabi/9.3.1/thumb/v6-m/nofp\libgcc.a(subsf3.o)
                0x00000000080008cc                __aeabi_fsub
 .text          0x0000000008000c5c       0x40 c:/st/stm32cubeide_1.7.0/stm32cubeide/plugins/com.st.stm32cube.ide.mcu.externaltools.gnu-tools-for-stm32.9-2020-q2-update.win32_2.0.0.202105311346/tools/bin/../lib/gcc/arm-none-eabi/9.3.1/thumb/v6-m/nofp\libgcc.a(fixsfsi.o)
                0x0000000008000c5c                __aeabi_f2iz
 .text          0x0000000008000c9c       0x8c c:/st/stm32cubeide_1.7.0/stm32cubeide/plugins/com.st.stm32cube.ide.mcu.externaltools.gnu-tools-for-stm32.9-2020-q2-update.win32_2.0.0.202105311346/tools/bin/../lib/gcc/arm-none-eabi/9.3.1/thumb/v6-m/nofp\libgcc.a(floatsisf.o)
                0x0000000008000c9c                __aeabi_i2f
 .text          0x0000000008000d28       0x74 c:/st/stm32cubeide_1.7.0/stm32cubeide/plugins/com.st.stm32cube.ide.mcu.externaltools.gnu-tools-for-stm32.9-2020-q2-update.win32_2.0.0.202105311346/tools/bin/../lib/gcc/arm-none-eabi/9.3.1/thumb/v6-m/nofp\libgcc.a(_arm_cmpsf2.o)
                0x0000000008000d28                __aeabi_cfrcmple
                0x0000000008000d30                __aeabi_cfcmpeq
                0x0000000008000d30                __aeabi_cfcmple
                0x0000000008000d40                __aeabi_fcmpeq
                0x0000000008000d4c                __aeabi_fcmplt
                0x0000000008000d60                __aeabi_fcmple
                0x0000000008000d74                __aeabi_fcmpgt
                0x0000000008000d88                __aeabi_fcmpge
 .text          0x0000000008000d9c       0x3c c:/st/stm32cubeide_1.7.0/stm32cubeide/plugins/com.st.stm32cube.ide.mcu.externaltools.gnu-tools-for-stm32.9-2020-q2-update.win32_2.0.0.202105311346/tools/bin/../lib/gcc/arm-none-eabi/9.3.1/thumb/v6-m/nofp\libgcc.a(_clzsi2.o)
                0x0000000008000d9c                __clzsi2
 .text          0x0000000008000dd8       0x18 c:/st/stm32cubeide_1.7.0/stm32cubeide/plugins/com.st.stm32cube.ide.mcu.externaltools.gnu-tools-for-stm32.9-2020-q2-update.win32_2.0.0.202105311346/tools/bin/../lib/gcc/arm-none-eabi/9.3.1/thumb/v6-m/nofp\libgcc.a(_clzdi2.o)
                0x0000000008000dd8                __clzdi2
 .text          0x0000000008000df0       0x50 c:/st/stm32cubeide_1.7.0/stm32cubeide/plugins/com.st.stm32cube.ide.mcu.externaltools.gnu-tools-for-stm32.9-2020-q2-update.win32_2.0.0.202105311346/tools/bin/../lib/gcc/arm-none-eabi/9.3.1/thumb/v6-m/nofp\libgcc.a(eqsf2.o)
                0x0000000008000df0                __eqsf2
                0x0000000008000df0                __nesf2
 .text          0x0000000008000e40       0x98 c:/st/stm32cubeide_1.7.0/stm32cubeide/plugins/com.st.stm32cube.ide.mcu.externaltools.gnu-tools-for-stm32.9-2020-q2-update.win32_2.0.0.202105311346/tools/bin/../lib/gcc/arm-none-eabi/9.3.1/thumb/v6-m/nofp\libgcc.a(gesf2.o)
                0x0000000008000e40                __gesf2
                0x0000000008000e40                __gtsf2
 .text          0x0000000008000ed8       0x94 c:/st/stm32cubeide_1.7.0/stm32cubeide/plugins/com.st.stm32cube.ide.mcu.externaltools.gnu-tools-for-stm32.9-2020-q2-update.win32_2.0.0.202105311346/tools/bin/../lib/gcc/arm-none-eabi/9.3.1/thumb/v6-m/nofp\libgcc.a(lesf2.o)
                0x0000000008000ed8                __ltsf2
                0x0000000008000ed8                __lesf2
 *(.text*)
 .text.read8    0x0000000008000f6c       0x28 ./Core/Src/BMP280.o
 .text.read16   0x0000000008000f94       0x30 ./Core/Src/BMP280.o
 .text.write8.constprop.0
                0x0000000008000fc4       0x20 ./Core/Src/BMP280.o
 .text.BMP280_set_mode
                0x0000000008000fe4       0x3e ./Core/Src/BMP280.o
                0x0000000008000fe4                BMP280_set_mode
 .text.BMP280_set_temp_OVS
                0x0000000008001022       0x20 ./Core/Src/BMP280.o
                0x0000000008001022                BMP280_set_temp_OVS
 .text.BMP280_set_press_OVS
                0x0000000008001042       0x20 ./Core/Src/BMP280.o
                0x0000000008001042                BMP280_set_press_OVS
 .text.BMP280_set_filter
                0x0000000008001062       0x20 ./Core/Src/BMP280.o
                0x0000000008001062                BMP280_set_filter
 *fill*         0x0000000008001082        0x2 
 .text.BMP280_get_data_FORCED
                0x0000000008001084      0x134 ./Core/Src/BMP280.o
                0x0000000008001084                BMP280_get_data_FORCED
 .text.BMP280_Init
                0x00000000080011b8       0x94 ./Core/Src/BMP280.o
                0x00000000080011b8                BMP280_Init
 .text.ESP8266_Check_OK_Respond
                0x000000000800124c       0x34 ./Core/Src/ESP01.o
 .text.ESP8266_SetMode
                0x0000000008001280       0x4c ./Core/Src/ESP01.o
                0x0000000008001280                ESP8266_SetMode
 .text.ESP8266_Init
                0x00000000080012cc       0x80 ./Core/Src/ESP01.o
                0x00000000080012cc                ESP8266_Init
 .text.ESP8266_SetConnectionMode
                0x000000000800134c       0x44 ./Core/Src/ESP01.o
                0x000000000800134c                ESP8266_SetConnectionMode
 .text.ESP8266_Connect_TCP
                0x0000000008001390       0x5c ./Core/Src/ESP01.o
                0x0000000008001390                ESP8266_Connect_TCP
 .text.ESP8266_Disconnect_TCP
                0x00000000080013ec       0x30 ./Core/Src/ESP01.o
                0x00000000080013ec                ESP8266_Disconnect_TCP
 .text.ESP8266_TS_Send_Data_MultiField
                0x000000000800141c      0x118 ./Core/Src/ESP01.o
                0x000000000800141c                ESP8266_TS_Send_Data_MultiField
 .text.read16   0x0000000008001534       0x2c ./Core/Src/INA219.o
 .text.write16  0x0000000008001560       0x2c ./Core/Src/INA219.o
 .text.INA219_Set_VoltageRange
                0x000000000800158c       0x20 ./Core/Src/INA219.o
                0x000000000800158c                INA219_Set_VoltageRange
 .text.INA219_Set_Range
                0x00000000080015ac       0x38 ./Core/Src/INA219.o
                0x00000000080015ac                INA219_Set_Range
 .text.INA219_Set_ADC_Mode
                0x00000000080015e4       0x5c ./Core/Src/INA219.o
                0x00000000080015e4                INA219_Set_ADC_Mode
 .text.INA219_Reset
                0x0000000008001640       0x1c ./Core/Src/INA219.o
                0x0000000008001640                INA219_Reset
 .text.INA219_Set_Power_Mode
                0x000000000800165c       0x28 ./Core/Src/INA219.o
                0x000000000800165c                INA219_Set_Power_Mode
 .text.INA219_Get_Data_OneShot
                0x0000000008001684       0x50 ./Core/Src/INA219.o
                0x0000000008001684                INA219_Get_Data_OneShot
 .text.INA219_Init
                0x00000000080016d4       0x68 ./Core/Src/INA219.o
                0x00000000080016d4                INA219_Init
 .text.RingBuffer_Init
                0x000000000800173c       0x16 ./Core/Src/RingBuffer.o
                0x000000000800173c                RingBuffer_Init
 .text.RB_Buff_Write
                0x0000000008001752       0x2e ./Core/Src/RingBuffer.o
                0x0000000008001752                RB_Buff_Write
 .text.RB_Buff_Read
                0x0000000008001780       0x32 ./Core/Src/RingBuffer.o
                0x0000000008001780                RB_Buff_Read
 .text.RB_Flush
                0x00000000080017b2        0xc ./Core/Src/RingBuffer.o
                0x00000000080017b2                RB_Flush
 *fill*         0x00000000080017be        0x2 
 .text.UART_send_string
                0x00000000080017c0       0x20 ./Core/Src/Utilis.o
                0x00000000080017c0                UART_send_string
 .text.UART_send_message
                0x00000000080017e0       0x14 ./Core/Src/Utilis.o
                0x00000000080017e0                UART_send_message
 .text.delay_init
                0x00000000080017f4       0x10 ./Core/Src/delay.o
                0x00000000080017f4                delay_init
 .text.delay_us
                0x0000000008001804       0x14 ./Core/Src/delay.o
                0x0000000008001804                delay_us
 .text.delay_ms
                0x0000000008001818       0x1a ./Core/Src/delay.o
                0x0000000008001818                delay_ms
 .text.read_byte
                0x0000000008001832       0x4e ./Core/Src/dht11.o
 .text.DHT11_Init
                0x0000000008001880        0x6 ./Core/Src/dht11.o
                0x0000000008001880                DHT11_Init
 .text.DHT11_get_data
                0x0000000008001886       0xa8 ./Core/Src/dht11.o
                0x0000000008001886                DHT11_get_data
 *fill*         0x000000000800192e        0x2 
 .text.MX_GPIO_Init
                0x0000000008001930       0x8c ./Core/Src/gpio.o
                0x0000000008001930                MX_GPIO_Init
 .text.MX_I2C1_Init
                0x00000000080019bc       0x5c ./Core/Src/i2c.o
                0x00000000080019bc                MX_I2C1_Init
 .text.HAL_I2C_MspInit
                0x0000000008001a18       0x60 ./Core/Src/i2c.o
                0x0000000008001a18                HAL_I2C_MspInit
 .text.SystemClock_Config
                0x0000000008001a78       0x9c ./Core/Src/main.o
                0x0000000008001a78                SystemClock_Config
 .text.startup.main
                0x0000000008001b14      0x100 ./Core/Src/main.o
                0x0000000008001b14                main
 .text.HAL_UART_RxCpltCallback
                0x0000000008001c14       0x30 ./Core/Src/main.o
                0x0000000008001c14                HAL_UART_RxCpltCallback
 .text.Error_Handler
                0x0000000008001c44        0x4 ./Core/Src/main.o
                0x0000000008001c44                Error_Handler
 .text.Parser_clean_string
                0x0000000008001c48       0x4e ./Core/Src/parser.o
                0x0000000008001c48                Parser_clean_string
 .text.Parser_simple_parse
                0x0000000008001c96       0x14 ./Core/Src/parser.o
                0x0000000008001c96                Parser_simple_parse
 *fill*         0x0000000008001caa        0x2 
 .text.HAL_MspInit
                0x0000000008001cac       0x1c ./Core/Src/stm32l0xx_hal_msp.o
                0x0000000008001cac                HAL_MspInit
 .text.NMI_Handler
                0x0000000008001cc8        0x2 ./Core/Src/stm32l0xx_it.o
                0x0000000008001cc8                NMI_Handler
 .text.HardFault_Handler
                0x0000000008001cca        0x2 ./Core/Src/stm32l0xx_it.o
                0x0000000008001cca                HardFault_Handler
 .text.SVC_Handler
                0x0000000008001ccc        0x2 ./Core/Src/stm32l0xx_it.o
                0x0000000008001ccc                SVC_Handler
 .text.PendSV_Handler
                0x0000000008001cce        0x2 ./Core/Src/stm32l0xx_it.o
                0x0000000008001cce                PendSV_Handler
 .text.SysTick_Handler
                0x0000000008001cd0        0x8 ./Core/Src/stm32l0xx_it.o
                0x0000000008001cd0                SysTick_Handler
 .text.USART2_IRQHandler
                0x0000000008001cd8       0x10 ./Core/Src/stm32l0xx_it.o
                0x0000000008001cd8                USART2_IRQHandler
 .text._sbrk    0x0000000008001ce8       0x40 ./Core/Src/sysmem.o
                0x0000000008001ce8                _sbrk
 .text.SystemInit
                0x0000000008001d28        0x2 ./Core/Src/system_stm32l0xx.o
                0x0000000008001d28                SystemInit
 *fill*         0x0000000008001d2a        0x2 
 .text.MX_TIM2_Init
                0x0000000008001d2c       0x78 ./Core/Src/tim.o
                0x0000000008001d2c                MX_TIM2_Init
 .text.HAL_TIM_Base_MspInit
                0x0000000008001da4       0x1c ./Core/Src/tim.o
                0x0000000008001da4                HAL_TIM_Base_MspInit
 .text.MX_USART2_UART_Init
                0x0000000008001dc0       0x38 ./Core/Src/usart.o
                0x0000000008001dc0                MX_USART2_UART_Init
 .text.HAL_UART_MspInit
                0x0000000008001df8       0x60 ./Core/Src/usart.o
                0x0000000008001df8                HAL_UART_MspInit
 .text.Reset_Handler
                0x0000000008001e58       0x50 ./Core/Startup/startup_stm32l031k6tx.o
                0x0000000008001e58                Reset_Handler
 .text.Default_Handler
                0x0000000008001ea8        0x2 ./Core/Startup/startup_stm32l031k6tx.o
                0x0000000008001ea8                ADC1_COMP_IRQHandler
                0x0000000008001ea8                PVD_IRQHandler
                0x0000000008001ea8                I2C1_IRQHandler
                0x0000000008001ea8                SPI1_IRQHandler
                0x0000000008001ea8                EXTI2_3_IRQHandler
                0x0000000008001ea8                RTC_IRQHandler
                0x0000000008001ea8                DMA1_Channel4_5_6_7_IRQHandler
                0x0000000008001ea8                EXTI4_15_IRQHandler
                0x0000000008001ea8                RCC_IRQHandler
                0x0000000008001ea8                DMA1_Channel1_IRQHandler
                0x0000000008001ea8                Default_Handler
                0x0000000008001ea8                TIM22_IRQHandler
                0x0000000008001ea8                EXTI0_1_IRQHandler
                0x0000000008001ea8                TIM21_IRQHandler
                0x0000000008001ea8                WWDG_IRQHandler
                0x0000000008001ea8                LPUART1_IRQHandler
                0x0000000008001ea8                TIM2_IRQHandler
                0x0000000008001ea8                DMA1_Channel2_3_IRQHandler
                0x0000000008001ea8                FLASH_IRQHandler
                0x0000000008001ea8                LPTIM1_IRQHandler
 *fill*         0x0000000008001eaa        0x2 
 .text.HAL_InitTick
                0x0000000008001eac       0x48 ./Drivers/STM32L0xx_HAL_Driver/Src/stm32l0xx_hal.o
                0x0000000008001eac                HAL_InitTick
 .text.HAL_Init
                0x0000000008001ef4       0x28 ./Drivers/STM32L0xx_HAL_Driver/Src/stm32l0xx_hal.o
                0x0000000008001ef4                HAL_Init
 .text.HAL_IncTick
                0x0000000008001f1c       0x18 ./Drivers/STM32L0xx_HAL_Driver/Src/stm32l0xx_hal.o
                0x0000000008001f1c                HAL_IncTick
 .text.HAL_GetTick
                0x0000000008001f34        0xc ./Drivers/STM32L0xx_HAL_Driver/Src/stm32l0xx_hal.o
                0x0000000008001f34                HAL_GetTick
 .text.HAL_Delay
                0x0000000008001f40       0x24 ./Drivers/STM32L0xx_HAL_Driver/Src/stm32l0xx_hal.o
                0x0000000008001f40                HAL_Delay
 .text.HAL_NVIC_SetPriority
                0x0000000008001f64       0x54 ./Drivers/STM32L0xx_HAL_Driver/Src/stm32l0xx_hal_cortex.o
                0x0000000008001f64                HAL_NVIC_SetPriority
 .text.HAL_NVIC_EnableIRQ
                0x0000000008001fb8       0x18 ./Drivers/STM32L0xx_HAL_Driver/Src/stm32l0xx_hal_cortex.o
                0x0000000008001fb8                HAL_NVIC_EnableIRQ
 .text.HAL_SYSTICK_Config
                0x0000000008001fd0       0x34 ./Drivers/STM32L0xx_HAL_Driver/Src/stm32l0xx_hal_cortex.o
                0x0000000008001fd0                HAL_SYSTICK_Config
 .text.HAL_DMA_Abort
                0x0000000008002004       0x40 ./Drivers/STM32L0xx_HAL_Driver/Src/stm32l0xx_hal_dma.o
                0x0000000008002004                HAL_DMA_Abort
 .text.HAL_DMA_Abort_IT
                0x0000000008002044       0x4a ./Drivers/STM32L0xx_HAL_Driver/Src/stm32l0xx_hal_dma.o
                0x0000000008002044                HAL_DMA_Abort_IT
 *fill*         0x000000000800208e        0x2 
 .text.HAL_GPIO_Init
                0x0000000008002090      0x170 ./Drivers/STM32L0xx_HAL_Driver/Src/stm32l0xx_hal_gpio.o
                0x0000000008002090                HAL_GPIO_Init
 .text.HAL_GPIO_ReadPin
                0x0000000008002200        0xc ./Drivers/STM32L0xx_HAL_Driver/Src/stm32l0xx_hal_gpio.o
                0x0000000008002200                HAL_GPIO_ReadPin
 .text.HAL_GPIO_WritePin
                0x000000000800220c        0xc ./Drivers/STM32L0xx_HAL_Driver/Src/stm32l0xx_hal_gpio.o
                0x000000000800220c                HAL_GPIO_WritePin
 .text.HAL_GPIO_TogglePin
                0x0000000008002218       0x10 ./Drivers/STM32L0xx_HAL_Driver/Src/stm32l0xx_hal_gpio.o
                0x0000000008002218                HAL_GPIO_TogglePin
 .text.I2C_Flush_TXDR
                0x0000000008002228       0x1c ./Drivers/STM32L0xx_HAL_Driver/Src/stm32l0xx_hal_i2c.o
 .text.I2C_TransferConfig
                0x0000000008002244       0x28 ./Drivers/STM32L0xx_HAL_Driver/Src/stm32l0xx_hal_i2c.o
 .text.I2C_IsAcknowledgeFailed
                0x000000000800226c       0x88 ./Drivers/STM32L0xx_HAL_Driver/Src/stm32l0xx_hal_i2c.o
 .text.I2C_WaitOnTXISFlagUntilTimeout
                0x00000000080022f4       0x54 ./Drivers/STM32L0xx_HAL_Driver/Src/stm32l0xx_hal_i2c.o
 .text.I2C_WaitOnSTOPFlagUntilTimeout
                0x0000000008002348       0x50 ./Drivers/STM32L0xx_HAL_Driver/Src/stm32l0xx_hal_i2c.o
 .text.I2C_WaitOnFlagUntilTimeout
                0x0000000008002398       0x50 ./Drivers/STM32L0xx_HAL_Driver/Src/stm32l0xx_hal_i2c.o
 .text.I2C_RequestMemoryWrite
                0x00000000080023e8       0x68 ./Drivers/STM32L0xx_HAL_Driver/Src/stm32l0xx_hal_i2c.o
 .text.I2C_RequestMemoryRead
                0x0000000008002450       0x64 ./Drivers/STM32L0xx_HAL_Driver/Src/stm32l0xx_hal_i2c.o
 .text.HAL_I2C_Init
                0x00000000080024b4       0xac ./Drivers/STM32L0xx_HAL_Driver/Src/stm32l0xx_hal_i2c.o
                0x00000000080024b4                HAL_I2C_Init
 .text.HAL_I2C_Mem_Write
                0x0000000008002560      0x174 ./Drivers/STM32L0xx_HAL_Driver/Src/stm32l0xx_hal_i2c.o
                0x0000000008002560                HAL_I2C_Mem_Write
 .text.HAL_I2C_Mem_Read
                0x00000000080026d4      0x188 ./Drivers/STM32L0xx_HAL_Driver/Src/stm32l0xx_hal_i2c.o
                0x00000000080026d4                HAL_I2C_Mem_Read
 .text.HAL_I2CEx_ConfigAnalogFilter
                0x000000000800285c       0x4c ./Drivers/STM32L0xx_HAL_Driver/Src/stm32l0xx_hal_i2c_ex.o
                0x000000000800285c                HAL_I2CEx_ConfigAnalogFilter
 .text.HAL_I2CEx_ConfigDigitalFilter
                0x00000000080028a8       0x48 ./Drivers/STM32L0xx_HAL_Driver/Src/stm32l0xx_hal_i2c_ex.o
                0x00000000080028a8                HAL_I2CEx_ConfigDigitalFilter
 .text.HAL_RCC_GetSysClockFreq
                0x00000000080028f0       0x90 ./Drivers/STM32L0xx_HAL_Driver/Src/stm32l0xx_hal_rcc.o
                0x00000000080028f0                HAL_RCC_GetSysClockFreq
 .text.HAL_RCC_OscConfig
                0x0000000008002980      0x4a0 ./Drivers/STM32L0xx_HAL_Driver/Src/stm32l0xx_hal_rcc.o
                0x0000000008002980                HAL_RCC_OscConfig
 .text.HAL_RCC_ClockConfig
                0x0000000008002e20      0x19c ./Drivers/STM32L0xx_HAL_Driver/Src/stm32l0xx_hal_rcc.o
                0x0000000008002e20                HAL_RCC_ClockConfig
 .text.HAL_RCC_GetPCLK1Freq
                0x0000000008002fbc       0x20 ./Drivers/STM32L0xx_HAL_Driver/Src/stm32l0xx_hal_rcc.o
                0x0000000008002fbc                HAL_RCC_GetPCLK1Freq
 .text.HAL_RCC_GetPCLK2Freq
                0x0000000008002fdc       0x20 ./Drivers/STM32L0xx_HAL_Driver/Src/stm32l0xx_hal_rcc.o
                0x0000000008002fdc                HAL_RCC_GetPCLK2Freq
 .text.HAL_RCCEx_PeriphCLKConfig
                0x0000000008002ffc      0x178 ./Drivers/STM32L0xx_HAL_Driver/Src/stm32l0xx_hal_rcc_ex.o
                0x0000000008002ffc                HAL_RCCEx_PeriphCLKConfig
 .text.TIM_Base_SetConfig
                0x0000000008003174       0x5c ./Drivers/STM32L0xx_HAL_Driver/Src/stm32l0xx_hal_tim.o
 .text.HAL_TIM_Base_Init
                0x00000000080031d0       0x48 ./Drivers/STM32L0xx_HAL_Driver/Src/stm32l0xx_hal_tim.o
                0x00000000080031d0                HAL_TIM_Base_Init
 .text.HAL_TIM_Base_Start
                0x0000000008003218       0x50 ./Drivers/STM32L0xx_HAL_Driver/Src/stm32l0xx_hal_tim.o
                0x0000000008003218                HAL_TIM_Base_Start
 .text.HAL_TIM_ConfigClockSource
                0x0000000008003268      0x150 ./Drivers/STM32L0xx_HAL_Driver/Src/stm32l0xx_hal_tim.o
                0x0000000008003268                HAL_TIM_ConfigClockSource
 .text.HAL_TIMEx_MasterConfigSynchronization
                0x00000000080033b8       0x58 ./Drivers/STM32L0xx_HAL_Driver/Src/stm32l0xx_hal_tim_ex.o
                0x00000000080033b8                HAL_TIMEx_MasterConfigSynchronization
 .text.UART_EndRxTransfer
                0x0000000008003410       0x5c ./Drivers/STM32L0xx_HAL_Driver/Src/stm32l0xx_hal_uart.o
 .text.HAL_UART_TxCpltCallback
                0x000000000800346c        0x2 ./Drivers/STM32L0xx_HAL_Driver/Src/stm32l0xx_hal_uart.o
                0x000000000800346c                HAL_UART_TxCpltCallback
 .text.HAL_UART_ErrorCallback
                0x000000000800346e        0x2 ./Drivers/STM32L0xx_HAL_Driver/Src/stm32l0xx_hal_uart.o
                0x000000000800346e                HAL_UART_ErrorCallback
 .text.UART_DMAAbortOnError
                0x0000000008003470       0x16 ./Drivers/STM32L0xx_HAL_Driver/Src/stm32l0xx_hal_uart.o
 .text.HAL_UARTEx_RxEventCallback
                0x0000000008003486        0x2 ./Drivers/STM32L0xx_HAL_Driver/Src/stm32l0xx_hal_uart.o
                0x0000000008003486                HAL_UARTEx_RxEventCallback
 .text.HAL_UART_IRQHandler
                0x0000000008003488      0x2b8 ./Drivers/STM32L0xx_HAL_Driver/Src/stm32l0xx_hal_uart.o
                0x0000000008003488                HAL_UART_IRQHandler
 .text.UART_RxISR_8BIT.part.0
                0x0000000008003740       0x74 ./Drivers/STM32L0xx_HAL_Driver/Src/stm32l0xx_hal_uart.o
 .text.UART_RxISR_16BIT
                0x00000000080037b4       0x3e ./Drivers/STM32L0xx_HAL_Driver/Src/stm32l0xx_hal_uart.o
 .text.UART_RxISR_8BIT
                0x00000000080037f2       0x40 ./Drivers/STM32L0xx_HAL_Driver/Src/stm32l0xx_hal_uart.o
 *fill*         0x0000000008003832        0x2 
 .text.UART_SetConfig
                0x0000000008003834      0x1f4 ./Drivers/STM32L0xx_HAL_Driver/Src/stm32l0xx_hal_uart.o
                0x0000000008003834                UART_SetConfig
 .text.UART_AdvFeatureConfig
                0x0000000008003a28       0xd0 ./Drivers/STM32L0xx_HAL_Driver/Src/stm32l0xx_hal_uart.o
                0x0000000008003a28                UART_AdvFeatureConfig
 .text.UART_WaitOnFlagUntilTimeout
                0x0000000008003af8       0xc4 ./Drivers/STM32L0xx_HAL_Driver/Src/stm32l0xx_hal_uart.o
                0x0000000008003af8                UART_WaitOnFlagUntilTimeout
 .text.HAL_UART_Transmit
                0x0000000008003bbc       0xe2 ./Drivers/STM32L0xx_HAL_Driver/Src/stm32l0xx_hal_uart.o
                0x0000000008003bbc                HAL_UART_Transmit
 *fill*         0x0000000008003c9e        0x2 
 .text.UART_CheckIdleState
                0x0000000008003ca0       0x64 ./Drivers/STM32L0xx_HAL_Driver/Src/stm32l0xx_hal_uart.o
                0x0000000008003ca0                UART_CheckIdleState
 .text.HAL_UART_Init
                0x0000000008003d04       0x64 ./Drivers/STM32L0xx_HAL_Driver/Src/stm32l0xx_hal_uart.o
                0x0000000008003d04                HAL_UART_Init
 .text.UART_Start_Receive_IT
                0x0000000008003d68       0xb8 ./Drivers/STM32L0xx_HAL_Driver/Src/stm32l0xx_hal_uart.o
                0x0000000008003d68                UART_Start_Receive_IT
 .text.HAL_UART_Receive_IT
                0x0000000008003e20       0x74 ./Drivers/STM32L0xx_HAL_Driver/Src/stm32l0xx_hal_uart.o
                0x0000000008003e20                HAL_UART_Receive_IT
 .text.HAL_UARTEx_WakeupCallback
                0x0000000008003e94        0x2 ./Drivers/STM32L0xx_HAL_Driver/Src/stm32l0xx_hal_uart_ex.o
                0x0000000008003e94                HAL_UARTEx_WakeupCallback
 *fill*         0x0000000008003e96        0x2 
 .text.__errno  0x0000000008003e98        0xc c:/st/stm32cubeide_1.7.0/stm32cubeide/plugins/com.st.stm32cube.ide.mcu.externaltools.gnu-tools-for-stm32.9-2020-q2-update.win32_2.0.0.202105311346/tools/bin/../lib/gcc/arm-none-eabi/9.3.1/../../../../arm-none-eabi/lib/thumb/v6-m/nofp\libc_nano.a(lib_a-errno.o)
                0x0000000008003e98                __errno
 .text.__libc_init_array
                0x0000000008003ea4       0x48 c:/st/stm32cubeide_1.7.0/stm32cubeide/plugins/com.st.stm32cube.ide.mcu.externaltools.gnu-tools-for-stm32.9-2020-q2-update.win32_2.0.0.202105311346/tools/bin/../lib/gcc/arm-none-eabi/9.3.1/../../../../arm-none-eabi/lib/thumb/v6-m/nofp\libc_nano.a(lib_a-init.o)
                0x0000000008003ea4                __libc_init_array
 .text.memset   0x0000000008003eec       0x10 c:/st/stm32cubeide_1.7.0/stm32cubeide/plugins/com.st.stm32cube.ide.mcu.externaltools.gnu-tools-for-stm32.9-2020-q2-update.win32_2.0.0.202105311346/tools/bin/../lib/gcc/arm-none-eabi/9.3.1/../../../../arm-none-eabi/lib/thumb/v6-m/nofp\libc_nano.a(lib_a-memset.o)
                0x0000000008003eec                memset
 .text.sprintf  0x0000000008003efc       0x40 c:/st/stm32cubeide_1.7.0/stm32cubeide/plugins/com.st.stm32cube.ide.mcu.externaltools.gnu-tools-for-stm32.9-2020-q2-update.win32_2.0.0.202105311346/tools/bin/../lib/gcc/arm-none-eabi/9.3.1/../../../../arm-none-eabi/lib/thumb/v6-m/nofp\libc_nano.a(lib_a-sprintf.o)
                0x0000000008003efc                siprintf
                0x0000000008003efc                sprintf
 .text.strcat   0x0000000008003f3c       0x1a c:/st/stm32cubeide_1.7.0/stm32cubeide/plugins/com.st.stm32cube.ide.mcu.externaltools.gnu-tools-for-stm32.9-2020-q2-update.win32_2.0.0.202105311346/tools/bin/../lib/gcc/arm-none-eabi/9.3.1/../../../../arm-none-eabi/lib/thumb/v6-m/nofp\libc_nano.a(lib_a-strcat.o)
                0x0000000008003f3c                strcat
 .text.strstr   0x0000000008003f56       0x2c c:/st/stm32cubeide_1.7.0/stm32cubeide/plugins/com.st.stm32cube.ide.mcu.externaltools.gnu-tools-for-stm32.9-2020-q2-update.win32_2.0.0.202105311346/tools/bin/../lib/gcc/arm-none-eabi/9.3.1/../../../../arm-none-eabi/lib/thumb/v6-m/nofp\libc_nano.a(lib_a-strstr.o)
                0x0000000008003f56                strstr
 *fill*         0x0000000008003f82        0x2 
 .text.__ssputs_r
                0x0000000008003f84       0xc4 c:/st/stm32cubeide_1.7.0/stm32cubeide/plugins/com.st.stm32cube.ide.mcu.externaltools.gnu-tools-for-stm32.9-2020-q2-update.win32_2.0.0.202105311346/tools/bin/../lib/gcc/arm-none-eabi/9.3.1/../../../../arm-none-eabi/lib/thumb/v6-m/nofp\libc_nano.a(lib_a-nano-svfprintf.o)
                0x0000000008003f84                __ssputs_r
 .text._svfprintf_r
                0x0000000008004048      0x200 c:/st/stm32cubeide_1.7.0/stm32cubeide/plugins/com.st.stm32cube.ide.mcu.externaltools.gnu-tools-for-stm32.9-2020-q2-update.win32_2.0.0.202105311346/tools/bin/../lib/gcc/arm-none-eabi/9.3.1/../../../../arm-none-eabi/lib/thumb/v6-m/nofp\libc_nano.a(lib_a-nano-svfprintf.o)
                0x0000000008004048                _svfiprintf_r
                0x0000000008004048                _svfprintf_r
 .text._printf_common
                0x0000000008004248       0xde c:/st/stm32cubeide_1.7.0/stm32cubeide/plugins/com.st.stm32cube.ide.mcu.externaltools.gnu-tools-for-stm32.9-2020-q2-update.win32_2.0.0.202105311346/tools/bin/../lib/gcc/arm-none-eabi/9.3.1/../../../../arm-none-eabi/lib/thumb/v6-m/nofp\libc_nano.a(lib_a-nano-vfprintf_i.o)
                0x0000000008004248                _printf_common
 *fill*         0x0000000008004326        0x2 
 .text._printf_i
                0x0000000008004328      0x224 c:/st/stm32cubeide_1.7.0/stm32cubeide/plugins/com.st.stm32cube.ide.mcu.externaltools.gnu-tools-for-stm32.9-2020-q2-update.win32_2.0.0.202105311346/tools/bin/../lib/gcc/arm-none-eabi/9.3.1/../../../../arm-none-eabi/lib/thumb/v6-m/nofp\libc_nano.a(lib_a-nano-vfprintf_i.o)
                0x0000000008004328                _printf_i
 .text.memchr   0x000000000800454c       0x16 c:/st/stm32cubeide_1.7.0/stm32cubeide/plugins/com.st.stm32cube.ide.mcu.externaltools.gnu-tools-for-stm32.9-2020-q2-update.win32_2.0.0.202105311346/tools/bin/../lib/gcc/arm-none-eabi/9.3.1/../../../../arm-none-eabi/lib/thumb/v6-m/nofp\libc_nano.a(lib_a-memchr-stub.o)
                0x000000000800454c                memchr
 .text.memcpy   0x0000000008004562       0x12 c:/st/stm32cubeide_1.7.0/stm32cubeide/plugins/com.st.stm32cube.ide.mcu.externaltools.gnu-tools-for-stm32.9-2020-q2-update.win32_2.0.0.202105311346/tools/bin/../lib/gcc/arm-none-eabi/9.3.1/../../../../arm-none-eabi/lib/thumb/v6-m/nofp\libc_nano.a(lib_a-memcpy-stub.o)
                0x0000000008004562                memcpy
 .text.memmove  0x0000000008004574       0x26 c:/st/stm32cubeide_1.7.0/stm32cubeide/plugins/com.st.stm32cube.ide.mcu.externaltools.gnu-tools-for-stm32.9-2020-q2-update.win32_2.0.0.202105311346/tools/bin/../lib/gcc/arm-none-eabi/9.3.1/../../../../arm-none-eabi/lib/thumb/v6-m/nofp\libc_nano.a(lib_a-memmove.o)
                0x0000000008004574                memmove
 *fill*         0x000000000800459a        0x2 
 .text._free_r  0x000000000800459c       0x94 c:/st/stm32cubeide_1.7.0/stm32cubeide/plugins/com.st.stm32cube.ide.mcu.externaltools.gnu-tools-for-stm32.9-2020-q2-update.win32_2.0.0.202105311346/tools/bin/../lib/gcc/arm-none-eabi/9.3.1/../../../../arm-none-eabi/lib/thumb/v6-m/nofp\libc_nano.a(lib_a-nano-freer.o)
                0x000000000800459c                _free_r
 .text._malloc_r
                0x0000000008004630       0xbc c:/st/stm32cubeide_1.7.0/stm32cubeide/plugins/com.st.stm32cube.ide.mcu.externaltools.gnu-tools-for-stm32.9-2020-q2-update.win32_2.0.0.202105311346/tools/bin/../lib/gcc/arm-none-eabi/9.3.1/../../../../arm-none-eabi/lib/thumb/v6-m/nofp\libc_nano.a(lib_a-nano-mallocr.o)
                0x0000000008004630                _malloc_r
 .text._realloc_r
                0x00000000080046ec       0x4c c:/st/stm32cubeide_1.7.0/stm32cubeide/plugins/com.st.stm32cube.ide.mcu.externaltools.gnu-tools-for-stm32.9-2020-q2-update.win32_2.0.0.202105311346/tools/bin/../lib/gcc/arm-none-eabi/9.3.1/../../../../arm-none-eabi/lib/thumb/v6-m/nofp\libc_nano.a(lib_a-nano-reallocr.o)
                0x00000000080046ec                _realloc_r
 .text._sbrk_r  0x0000000008004738       0x24 c:/st/stm32cubeide_1.7.0/stm32cubeide/plugins/com.st.stm32cube.ide.mcu.externaltools.gnu-tools-for-stm32.9-2020-q2-update.win32_2.0.0.202105311346/tools/bin/../lib/gcc/arm-none-eabi/9.3.1/../../../../arm-none-eabi/lib/thumb/v6-m/nofp\libc_nano.a(lib_a-sbrkr.o)
                0x0000000008004738                _sbrk_r
 .text.__malloc_lock
                0x000000000800475c       0x10 c:/st/stm32cubeide_1.7.0/stm32cubeide/plugins/com.st.stm32cube.ide.mcu.externaltools.gnu-tools-for-stm32.9-2020-q2-update.win32_2.0.0.202105311346/tools/bin/../lib/gcc/arm-none-eabi/9.3.1/../../../../arm-none-eabi/lib/thumb/v6-m/nofp\libc_nano.a(lib_a-mlock.o)
                0x000000000800475c                __malloc_lock
 .text.__malloc_unlock
                0x000000000800476c       0x10 c:/st/stm32cubeide_1.7.0/stm32cubeide/plugins/com.st.stm32cube.ide.mcu.externaltools.gnu-tools-for-stm32.9-2020-q2-update.win32_2.0.0.202105311346/tools/bin/../lib/gcc/arm-none-eabi/9.3.1/../../../../arm-none-eabi/lib/thumb/v6-m/nofp\libc_nano.a(lib_a-mlock.o)
                0x000000000800476c                __malloc_unlock
 .text._malloc_usable_size_r
                0x000000000800477c       0x10 c:/st/stm32cubeide_1.7.0/stm32cubeide/plugins/com.st.stm32cube.ide.mcu.externaltools.gnu-tools-for-stm32.9-2020-q2-update.win32_2.0.0.202105311346/tools/bin/../lib/gcc/arm-none-eabi/9.3.1/../../../../arm-none-eabi/lib/thumb/v6-m/nofp\libc_nano.a(lib_a-nano-msizer.o)
                0x000000000800477c                _malloc_usable_size_r
 .text.__retarget_lock_acquire_recursive
                0x000000000800478c        0x2 c:/st/stm32cubeide_1.7.0/stm32cubeide/plugins/com.st.stm32cube.ide.mcu.externaltools.gnu-tools-for-stm32.9-2020-q2-update.win32_2.0.0.202105311346/tools/bin/../lib/gcc/arm-none-eabi/9.3.1/../../../../arm-none-eabi/lib/thumb/v6-m/nofp\libc_nano.a(lib_a-lock.o)
                0x000000000800478c                __retarget_lock_acquire_recursive
 .text.__retarget_lock_release_recursive
                0x000000000800478e        0x2 c:/st/stm32cubeide_1.7.0/stm32cubeide/plugins/com.st.stm32cube.ide.mcu.externaltools.gnu-tools-for-stm32.9-2020-q2-update.win32_2.0.0.202105311346/tools/bin/../lib/gcc/arm-none-eabi/9.3.1/../../../../arm-none-eabi/lib/thumb/v6-m/nofp\libc_nano.a(lib_a-lock.o)
                0x000000000800478e                __retarget_lock_release_recursive
 *(.glue_7)
 .glue_7        0x0000000008004790        0x0 linker stubs
 *(.glue_7t)
 .glue_7t       0x0000000008004790        0x0 linker stubs
 *(.eh_frame)
 .eh_frame      0x0000000008004790        0x0 c:/st/stm32cubeide_1.7.0/stm32cubeide/plugins/com.st.stm32cube.ide.mcu.externaltools.gnu-tools-for-stm32.9-2020-q2-update.win32_2.0.0.202105311346/tools/bin/../lib/gcc/arm-none-eabi/9.3.1/thumb/v6-m/nofp/crtbegin.o
 *(.init)
 .init          0x0000000008004790        0x4 c:/st/stm32cubeide_1.7.0/stm32cubeide/plugins/com.st.stm32cube.ide.mcu.externaltools.gnu-tools-for-stm32.9-2020-q2-update.win32_2.0.0.202105311346/tools/bin/../lib/gcc/arm-none-eabi/9.3.1/thumb/v6-m/nofp/crti.o
                0x0000000008004790                _init
 .init          0x0000000008004794        0x8 c:/st/stm32cubeide_1.7.0/stm32cubeide/plugins/com.st.stm32cube.ide.mcu.externaltools.gnu-tools-for-stm32.9-2020-q2-update.win32_2.0.0.202105311346/tools/bin/../lib/gcc/arm-none-eabi/9.3.1/thumb/v6-m/nofp/crtn.o
 *(.fini)
 .fini          0x000000000800479c        0x4 c:/st/stm32cubeide_1.7.0/stm32cubeide/plugins/com.st.stm32cube.ide.mcu.externaltools.gnu-tools-for-stm32.9-2020-q2-update.win32_2.0.0.202105311346/tools/bin/../lib/gcc/arm-none-eabi/9.3.1/thumb/v6-m/nofp/crti.o
                0x000000000800479c                _fini
 .fini          0x00000000080047a0        0x8 c:/st/stm32cubeide_1.7.0/stm32cubeide/plugins/com.st.stm32cube.ide.mcu.externaltools.gnu-tools-for-stm32.9-2020-q2-update.win32_2.0.0.202105311346/tools/bin/../lib/gcc/arm-none-eabi/9.3.1/thumb/v6-m/nofp/crtn.o
                0x00000000080047a8                . = ALIGN (0x4)
                0x00000000080047a8                _etext = .

.vfp11_veneer   0x00000000080047a8        0x0
 .vfp11_veneer  0x00000000080047a8        0x0 linker stubs

.v4_bx          0x00000000080047a8        0x0
 .v4_bx         0x00000000080047a8        0x0 linker stubs

.iplt           0x00000000080047a8        0x0
 .iplt          0x00000000080047a8        0x0 c:/st/stm32cubeide_1.7.0/stm32cubeide/plugins/com.st.stm32cube.ide.mcu.externaltools.gnu-tools-for-stm32.9-2020-q2-update.win32_2.0.0.202105311346/tools/bin/../lib/gcc/arm-none-eabi/9.3.1/thumb/v6-m/nofp/crtbegin.o

.rodata         0x00000000080047a8      0x1a4
                0x00000000080047a8                . = ALIGN (0x4)
 *(.rodata)
 .rodata        0x00000000080047a8       0x40 c:/st/stm32cubeide_1.7.0/stm32cubeide/plugins/com.st.stm32cube.ide.mcu.externaltools.gnu-tools-for-stm32.9-2020-q2-update.win32_2.0.0.202105311346/tools/bin/../lib/gcc/arm-none-eabi/9.3.1/thumb/v6-m/nofp\libgcc.a(mulsf3.o)
 *(.rodata*)
 .rodata.ESP8266_Check_OK_Respond.str1.1
                0x00000000080047e8        0x3 ./Core/Src/ESP01.o
 .rodata.ESP8266_SetMode.str1.1
                0x00000000080047eb       0x2a ./Core/Src/ESP01.o
 .rodata.ESP8266_Init.str1.1
                0x0000000008004815       0x1a ./Core/Src/ESP01.o
 .rodata.ESP8266_SetConnectionMode.str1.1
                0x000000000800482f       0x1c ./Core/Src/ESP01.o
 .rodata.ESP8266_Connect_TCP.str1.1
                0x000000000800484b       0x1c ./Core/Src/ESP01.o
 .rodata.ESP8266_Disconnect_TCP.str1.1
                0x0000000008004867        0xe ./Core/Src/ESP01.o
 .rodata.ESP8266_TS_Send_Data_MultiField.str1.1
                0x0000000008004875       0x4d ./Core/Src/ESP01.o
                                         0x50 (size before relaxing)
 .rodata.main.str1.1
                0x00000000080048c2       0x15 ./Core/Src/main.o
 .rodata.API_Key
                0x00000000080048d7       0x11 ./Core/Src/main.o
                0x00000000080048d7                API_Key
 .rodata.AHBPrescTable
                0x00000000080048e8       0x10 ./Core/Src/system_stm32l0xx.o
                0x00000000080048e8                AHBPrescTable
 .rodata.APBPrescTable
                0x00000000080048f8        0x8 ./Core/Src/system_stm32l0xx.o
                0x00000000080048f8                APBPrescTable
 .rodata.PLLMulTable
                0x0000000008004900        0x9 ./Core/Src/system_stm32l0xx.o
                0x0000000008004900                PLLMulTable
 .rodata.CSWTCH.59
                0x0000000008004909        0xd ./Drivers/STM32L0xx_HAL_Driver/Src/stm32l0xx_hal_uart.o
 .rodata._svfprintf_r.str1.1
                0x0000000008004916       0x11 c:/st/stm32cubeide_1.7.0/stm32cubeide/plugins/com.st.stm32cube.ide.mcu.externaltools.gnu-tools-for-stm32.9-2020-q2-update.win32_2.0.0.202105311346/tools/bin/../lib/gcc/arm-none-eabi/9.3.1/../../../../arm-none-eabi/lib/thumb/v6-m/nofp\libc_nano.a(lib_a-nano-svfprintf.o)
 .rodata._printf_i.str1.1
                0x0000000008004927       0x22 c:/st/stm32cubeide_1.7.0/stm32cubeide/plugins/com.st.stm32cube.ide.mcu.externaltools.gnu-tools-for-stm32.9-2020-q2-update.win32_2.0.0.202105311346/tools/bin/../lib/gcc/arm-none-eabi/9.3.1/../../../../arm-none-eabi/lib/thumb/v6-m/nofp\libc_nano.a(lib_a-nano-vfprintf_i.o)
                0x000000000800494c                . = ALIGN (0x4)
 *fill*         0x0000000008004949        0x3 

.ARM.extab      0x000000000800494c        0x0
                0x000000000800494c                . = ALIGN (0x4)
 *(.ARM.extab* .gnu.linkonce.armextab.*)
                0x000000000800494c                . = ALIGN (0x4)

.ARM            0x000000000800494c        0x8
                0x000000000800494c                . = ALIGN (0x4)
                0x000000000800494c                __exidx_start = .
 *(.ARM.exidx*)
 .ARM.exidx     0x000000000800494c        0x8 c:/st/stm32cubeide_1.7.0/stm32cubeide/plugins/com.st.stm32cube.ide.mcu.externaltools.gnu-tools-for-stm32.9-2020-q2-update.win32_2.0.0.202105311346/tools/bin/../lib/gcc/arm-none-eabi/9.3.1/thumb/v6-m/nofp\libgcc.a(_udivmoddi4.o)
                0x0000000008004954                __exidx_end = .
                0x0000000008004954                . = ALIGN (0x4)

.rel.dyn        0x0000000008004954        0x0
 .rel.iplt      0x0000000008004954        0x0 c:/st/stm32cubeide_1.7.0/stm32cubeide/plugins/com.st.stm32cube.ide.mcu.externaltools.gnu-tools-for-stm32.9-2020-q2-update.win32_2.0.0.202105311346/tools/bin/../lib/gcc/arm-none-eabi/9.3.1/thumb/v6-m/nofp/crtbegin.o

.preinit_array  0x0000000008004954        0x0
                0x0000000008004954                . = ALIGN (0x4)
                0x0000000008004954                PROVIDE (__preinit_array_start = .)
 *(.preinit_array*)
                0x0000000008004954                PROVIDE (__preinit_array_end = .)
                0x0000000008004954                . = ALIGN (0x4)

.init_array     0x0000000008004954        0x4
                0x0000000008004954                . = ALIGN (0x4)
                0x0000000008004954                PROVIDE (__init_array_start = .)
 *(SORT_BY_NAME(.init_array.*))
 *(.init_array*)
 .init_array    0x0000000008004954        0x4 c:/st/stm32cubeide_1.7.0/stm32cubeide/plugins/com.st.stm32cube.ide.mcu.externaltools.gnu-tools-for-stm32.9-2020-q2-update.win32_2.0.0.202105311346/tools/bin/../lib/gcc/arm-none-eabi/9.3.1/thumb/v6-m/nofp/crtbegin.o
                0x0000000008004958                PROVIDE (__init_array_end = .)
                0x0000000008004958                . = ALIGN (0x4)

.fini_array     0x0000000008004958        0x4
                0x0000000008004958                . = ALIGN (0x4)
                [!provide]                        PROVIDE (__fini_array_start = .)
 *(SORT_BY_NAME(.fini_array.*))
 *(.fini_array*)
 .fini_array    0x0000000008004958        0x4 c:/st/stm32cubeide_1.7.0/stm32cubeide/plugins/com.st.stm32cube.ide.mcu.externaltools.gnu-tools-for-stm32.9-2020-q2-update.win32_2.0.0.202105311346/tools/bin/../lib/gcc/arm-none-eabi/9.3.1/thumb/v6-m/nofp/crtbegin.o
                [!provide]                        PROVIDE (__fini_array_end = .)
                0x000000000800495c                . = ALIGN (0x4)
                0x000000000800495c                _sidata = LOADADDR (.data)

.data           0x0000000020000000       0x74 load address 0x000000000800495c
                0x0000000020000000                . = ALIGN (0x4)
                0x0000000020000000                _sdata = .
 *(.data)
 *(.data*)
 .data.INA_I2C_ADDR
                0x0000000020000000        0x1 ./Core/Src/main.o
                0x0000000020000000                INA_I2C_ADDR
 *fill*         0x0000000020000001        0x3 
 .data.SystemCoreClock
                0x0000000020000004        0x4 ./Core/Src/system_stm32l0xx.o
                0x0000000020000004                SystemCoreClock
 .data.uwTickFreq
                0x0000000020000008        0x1 ./Drivers/STM32L0xx_HAL_Driver/Src/stm32l0xx_hal.o
                0x0000000020000008                uwTickFreq
 *fill*         0x0000000020000009        0x3 
 .data.uwTickPrio
                0x000000002000000c        0x4 ./Drivers/STM32L0xx_HAL_Driver/Src/stm32l0xx_hal.o
                0x000000002000000c                uwTickPrio
 .data._impure_ptr
                0x0000000020000010        0x4 c:/st/stm32cubeide_1.7.0/stm32cubeide/plugins/com.st.stm32cube.ide.mcu.externaltools.gnu-tools-for-stm32.9-2020-q2-update.win32_2.0.0.202105311346/tools/bin/../lib/gcc/arm-none-eabi/9.3.1/../../../../arm-none-eabi/lib/thumb/v6-m/nofp\libc_nano.a(lib_a-impure.o)
                0x0000000020000010                _impure_ptr
 .data.impure_data
                0x0000000020000014       0x60 c:/st/stm32cubeide_1.7.0/stm32cubeide/plugins/com.st.stm32cube.ide.mcu.externaltools.gnu-tools-for-stm32.9-2020-q2-update.win32_2.0.0.202105311346/tools/bin/../lib/gcc/arm-none-eabi/9.3.1/../../../../arm-none-eabi/lib/thumb/v6-m/nofp\libc_nano.a(lib_a-impure.o)
 *(.RamFunc)
 *(.RamFunc*)
                0x0000000020000074                . = ALIGN (0x4)
                0x0000000020000074                _edata = .

.igot.plt       0x0000000020000074        0x0 load address 0x00000000080049d0
 .igot.plt      0x0000000020000074        0x0 c:/st/stm32cubeide_1.7.0/stm32cubeide/plugins/com.st.stm32cube.ide.mcu.externaltools.gnu-tools-for-stm32.9-2020-q2-update.win32_2.0.0.202105311346/tools/bin/../lib/gcc/arm-none-eabi/9.3.1/thumb/v6-m/nofp/crtbegin.o
                0x0000000020000074                . = ALIGN (0x4)

.bss            0x0000000020000074      0x2b8 load address 0x00000000080049d0
                0x0000000020000074                _sbss = .
                0x0000000020000074                __bss_start__ = _sbss
 *(.bss)
 .bss           0x0000000020000074       0x1c c:/st/stm32cubeide_1.7.0/stm32cubeide/plugins/com.st.stm32cube.ide.mcu.externaltools.gnu-tools-for-stm32.9-2020-q2-update.win32_2.0.0.202105311346/tools/bin/../lib/gcc/arm-none-eabi/9.3.1/thumb/v6-m/nofp/crtbegin.o
 *(.bss*)
 .bss.__sbrk_heap_end
                0x0000000020000090        0x4 ./Core/Src/sysmem.o
 .bss.__malloc_free_list
                0x0000000020000094        0x4 c:/st/stm32cubeide_1.7.0/stm32cubeide/plugins/com.st.stm32cube.ide.mcu.externaltools.gnu-tools-for-stm32.9-2020-q2-update.win32_2.0.0.202105311346/tools/bin/../lib/gcc/arm-none-eabi/9.3.1/../../../../arm-none-eabi/lib/thumb/v6-m/nofp\libc_nano.a(lib_a-nano-mallocr.o)
                0x0000000020000094                __malloc_free_list
 .bss.__malloc_sbrk_start
                0x0000000020000098        0x4 c:/st/stm32cubeide_1.7.0/stm32cubeide/plugins/com.st.stm32cube.ide.mcu.externaltools.gnu-tools-for-stm32.9-2020-q2-update.win32_2.0.0.202105311346/tools/bin/../lib/gcc/arm-none-eabi/9.3.1/../../../../arm-none-eabi/lib/thumb/v6-m/nofp\libc_nano.a(lib_a-nano-mallocr.o)
                0x0000000020000098                __malloc_sbrk_start
 *(COMMON)
 COMMON         0x000000002000009c       0x20 ./Core/Src/BMP280.o
                0x000000002000009c                sensor
 COMMON         0x00000000200000bc       0x10 ./Core/Src/INA219.o
                0x00000000200000bc                INA_Sensor
 COMMON         0x00000000200000cc       0x4c ./Core/Src/i2c.o
                0x00000000200000cc                hi2c1
 COMMON         0x0000000020000118      0x13c ./Core/Src/main.o
                0x0000000020000118                solar_voltage
                0x000000002000011a                solar_current
                0x000000002000011c                bmp_press
                0x0000000020000120                dht11_temp
                0x0000000020000124                ESP_module
                0x0000000020000234                dht11_humidity
                0x0000000020000238                DHT11
                0x0000000020000240                UART_RX_val
                0x0000000020000244                bmp_temp
                0x0000000020000248                dht11_check_sum
                0x000000002000024a                sensors_data_buff
 COMMON         0x0000000020000254       0x40 ./Core/Src/tim.o
                0x0000000020000254                htim2
 COMMON         0x0000000020000294       0x84 ./Core/Src/usart.o
                0x0000000020000294                huart2
 COMMON         0x0000000020000318        0x4 ./Drivers/STM32L0xx_HAL_Driver/Src/stm32l0xx_hal.o
                0x0000000020000318                uwTick
 COMMON         0x000000002000031c        0x4 c:/st/stm32cubeide_1.7.0/stm32cubeide/plugins/com.st.stm32cube.ide.mcu.externaltools.gnu-tools-for-stm32.9-2020-q2-update.win32_2.0.0.202105311346/tools/bin/../lib/gcc/arm-none-eabi/9.3.1/../../../../arm-none-eabi/lib/thumb/v6-m/nofp\libc_nano.a(lib_a-reent.o)
                0x000000002000031c                errno
 COMMON         0x0000000020000320        0x9 c:/st/stm32cubeide_1.7.0/stm32cubeide/plugins/com.st.stm32cube.ide.mcu.externaltools.gnu-tools-for-stm32.9-2020-q2-update.win32_2.0.0.202105311346/tools/bin/../lib/gcc/arm-none-eabi/9.3.1/../../../../arm-none-eabi/lib/thumb/v6-m/nofp\libc_nano.a(lib_a-lock.o)
                0x0000000020000320                __lock___atexit_recursive_mutex
                0x0000000020000321                __lock___arc4random_mutex
                0x0000000020000322                __lock___env_recursive_mutex
                0x0000000020000323                __lock___sinit_recursive_mutex
                0x0000000020000324                __lock___malloc_recursive_mutex
                0x0000000020000325                __lock___at_quick_exit_mutex
                0x0000000020000326                __lock___dd_hash_mutex
                0x0000000020000327                __lock___tz_mutex
                0x0000000020000328                __lock___sfp_recursive_mutex
                0x000000002000032c                . = ALIGN (0x4)
 *fill*         0x0000000020000329        0x3 
                0x000000002000032c                _ebss = .
                0x000000002000032c                __bss_end__ = _ebss

._user_heap_stack
                0x000000002000032c      0x604 load address 0x00000000080049d0
                0x0000000020000330                . = ALIGN (0x8)
 *fill*         0x000000002000032c        0x4 
                [!provide]                        PROVIDE (end = .)
                0x0000000020000330                PROVIDE (_end = .)
                0x0000000020000530                . = (. + _Min_Heap_Size)
 *fill*         0x0000000020000330      0x200 
                0x0000000020000930                . = (. + _Min_Stack_Size)
 *fill*         0x0000000020000530      0x400 
                0x0000000020000930                . = ALIGN (0x8)

/DISCARD/
 libc.a(*)
 libm.a(*)
 libgcc.a(*)

.ARM.attributes
                0x0000000000000000       0x28
 *(.ARM.attributes)
 .ARM.attributes
                0x0000000000000000       0x1e c:/st/stm32cubeide_1.7.0/stm32cubeide/plugins/com.st.stm32cube.ide.mcu.externaltools.gnu-tools-for-stm32.9-2020-q2-update.win32_2.0.0.202105311346/tools/bin/../lib/gcc/arm-none-eabi/9.3.1/thumb/v6-m/nofp/crti.o
 .ARM.attributes
                0x000000000000001e       0x2c c:/st/stm32cubeide_1.7.0/stm32cubeide/plugins/com.st.stm32cube.ide.mcu.externaltools.gnu-tools-for-stm32.9-2020-q2-update.win32_2.0.0.202105311346/tools/bin/../lib/gcc/arm-none-eabi/9.3.1/thumb/v6-m/nofp/crtbegin.o
 .ARM.attributes
                0x000000000000004a       0x2c ./Core/Src/BMP280.o
 .ARM.attributes
                0x0000000000000076       0x2c ./Core/Src/ESP01.o
 .ARM.attributes
                0x00000000000000a2       0x2c ./Core/Src/INA219.o
 .ARM.attributes
                0x00000000000000ce       0x2c ./Core/Src/RingBuffer.o
 .ARM.attributes
                0x00000000000000fa       0x2c ./Core/Src/Utilis.o
 .ARM.attributes
                0x0000000000000126       0x2c ./Core/Src/delay.o
 .ARM.attributes
                0x0000000000000152       0x2c ./Core/Src/dht11.o
 .ARM.attributes
                0x000000000000017e       0x2c ./Core/Src/gpio.o
 .ARM.attributes
                0x00000000000001aa       0x2c ./Core/Src/i2c.o
 .ARM.attributes
                0x00000000000001d6       0x2c ./Core/Src/main.o
 .ARM.attributes
                0x0000000000000202       0x2c ./Core/Src/parser.o
 .ARM.attributes
                0x000000000000022e       0x2c ./Core/Src/stm32l0xx_hal_msp.o
 .ARM.attributes
                0x000000000000025a       0x2c ./Core/Src/stm32l0xx_it.o
 .ARM.attributes
                0x0000000000000286       0x2c ./Core/Src/sysmem.o
 .ARM.attributes
                0x00000000000002b2       0x2c ./Core/Src/system_stm32l0xx.o
 .ARM.attributes
                0x00000000000002de       0x2c ./Core/Src/tim.o
 .ARM.attributes
                0x000000000000030a       0x2c ./Core/Src/usart.o
 .ARM.attributes
                0x0000000000000336       0x22 ./Core/Startup/startup_stm32l031k6tx.o
 .ARM.attributes
                0x0000000000000358       0x2c ./Drivers/STM32L0xx_HAL_Driver/Src/stm32l0xx_hal.o
 .ARM.attributes
                0x0000000000000384       0x2c ./Drivers/STM32L0xx_HAL_Driver/Src/stm32l0xx_hal_cortex.o
 .ARM.attributes
                0x00000000000003b0       0x2c ./Drivers/STM32L0xx_HAL_Driver/Src/stm32l0xx_hal_dma.o
 .ARM.attributes
                0x00000000000003dc       0x2c ./Drivers/STM32L0xx_HAL_Driver/Src/stm32l0xx_hal_gpio.o
 .ARM.attributes
                0x0000000000000408       0x2c ./Drivers/STM32L0xx_HAL_Driver/Src/stm32l0xx_hal_i2c.o
 .ARM.attributes
                0x0000000000000434       0x2c ./Drivers/STM32L0xx_HAL_Driver/Src/stm32l0xx_hal_i2c_ex.o
 .ARM.attributes
                0x0000000000000460       0x2c ./Drivers/STM32L0xx_HAL_Driver/Src/stm32l0xx_hal_rcc.o
 .ARM.attributes
                0x000000000000048c       0x2c ./Drivers/STM32L0xx_HAL_Driver/Src/stm32l0xx_hal_rcc_ex.o
 .ARM.attributes
                0x00000000000004b8       0x2c ./Drivers/STM32L0xx_HAL_Driver/Src/stm32l0xx_hal_tim.o
 .ARM.attributes
                0x00000000000004e4       0x2c ./Drivers/STM32L0xx_HAL_Driver/Src/stm32l0xx_hal_tim_ex.o
 .ARM.attributes
                0x0000000000000510       0x2c ./Drivers/STM32L0xx_HAL_Driver/Src/stm32l0xx_hal_uart.o
 .ARM.attributes
                0x000000000000053c       0x2c ./Drivers/STM32L0xx_HAL_Driver/Src/stm32l0xx_hal_uart_ex.o
 .ARM.attributes
                0x0000000000000568       0x2c c:/st/stm32cubeide_1.7.0/stm32cubeide/plugins/com.st.stm32cube.ide.mcu.externaltools.gnu-tools-for-stm32.9-2020-q2-update.win32_2.0.0.202105311346/tools/bin/../lib/gcc/arm-none-eabi/9.3.1/../../../../arm-none-eabi/lib/thumb/v6-m/nofp\libc_nano.a(lib_a-errno.o)
 .ARM.attributes
                0x0000000000000594       0x2c c:/st/stm32cubeide_1.7.0/stm32cubeide/plugins/com.st.stm32cube.ide.mcu.externaltools.gnu-tools-for-stm32.9-2020-q2-update.win32_2.0.0.202105311346/tools/bin/../lib/gcc/arm-none-eabi/9.3.1/../../../../arm-none-eabi/lib/thumb/v6-m/nofp\libc_nano.a(lib_a-impure.o)
 .ARM.attributes
                0x00000000000005c0       0x2c c:/st/stm32cubeide_1.7.0/stm32cubeide/plugins/com.st.stm32cube.ide.mcu.externaltools.gnu-tools-for-stm32.9-2020-q2-update.win32_2.0.0.202105311346/tools/bin/../lib/gcc/arm-none-eabi/9.3.1/../../../../arm-none-eabi/lib/thumb/v6-m/nofp\libc_nano.a(lib_a-init.o)
 .ARM.attributes
                0x00000000000005ec       0x2c c:/st/stm32cubeide_1.7.0/stm32cubeide/plugins/com.st.stm32cube.ide.mcu.externaltools.gnu-tools-for-stm32.9-2020-q2-update.win32_2.0.0.202105311346/tools/bin/../lib/gcc/arm-none-eabi/9.3.1/../../../../arm-none-eabi/lib/thumb/v6-m/nofp\libc_nano.a(lib_a-memset.o)
 .ARM.attributes
                0x0000000000000618       0x2c c:/st/stm32cubeide_1.7.0/stm32cubeide/plugins/com.st.stm32cube.ide.mcu.externaltools.gnu-tools-for-stm32.9-2020-q2-update.win32_2.0.0.202105311346/tools/bin/../lib/gcc/arm-none-eabi/9.3.1/../../../../arm-none-eabi/lib/thumb/v6-m/nofp\libc_nano.a(lib_a-sprintf.o)
 .ARM.attributes
                0x0000000000000644       0x2c c:/st/stm32cubeide_1.7.0/stm32cubeide/plugins/com.st.stm32cube.ide.mcu.externaltools.gnu-tools-for-stm32.9-2020-q2-update.win32_2.0.0.202105311346/tools/bin/../lib/gcc/arm-none-eabi/9.3.1/../../../../arm-none-eabi/lib/thumb/v6-m/nofp\libc_nano.a(lib_a-strcat.o)
 .ARM.attributes
                0x0000000000000670       0x1c c:/st/stm32cubeide_1.7.0/stm32cubeide/plugins/com.st.stm32cube.ide.mcu.externaltools.gnu-tools-for-stm32.9-2020-q2-update.win32_2.0.0.202105311346/tools/bin/../lib/gcc/arm-none-eabi/9.3.1/../../../../arm-none-eabi/lib/thumb/v6-m/nofp\libc_nano.a(lib_a-strlen.o)
 .ARM.attributes
                0x000000000000068c       0x2c c:/st/stm32cubeide_1.7.0/stm32cubeide/plugins/com.st.stm32cube.ide.mcu.externaltools.gnu-tools-for-stm32.9-2020-q2-update.win32_2.0.0.202105311346/tools/bin/../lib/gcc/arm-none-eabi/9.3.1/../../../../arm-none-eabi/lib/thumb/v6-m/nofp\libc_nano.a(lib_a-strstr.o)
 .ARM.attributes
                0x00000000000006b8       0x2c c:/st/stm32cubeide_1.7.0/stm32cubeide/plugins/com.st.stm32cube.ide.mcu.externaltools.gnu-tools-for-stm32.9-2020-q2-update.win32_2.0.0.202105311346/tools/bin/../lib/gcc/arm-none-eabi/9.3.1/../../../../arm-none-eabi/lib/thumb/v6-m/nofp\libc_nano.a(lib_a-nano-svfprintf.o)
 .ARM.attributes
                0x00000000000006e4       0x2c c:/st/stm32cubeide_1.7.0/stm32cubeide/plugins/com.st.stm32cube.ide.mcu.externaltools.gnu-tools-for-stm32.9-2020-q2-update.win32_2.0.0.202105311346/tools/bin/../lib/gcc/arm-none-eabi/9.3.1/../../../../arm-none-eabi/lib/thumb/v6-m/nofp\libc_nano.a(lib_a-nano-vfprintf_i.o)
 .ARM.attributes
                0x0000000000000710       0x2c c:/st/stm32cubeide_1.7.0/stm32cubeide/plugins/com.st.stm32cube.ide.mcu.externaltools.gnu-tools-for-stm32.9-2020-q2-update.win32_2.0.0.202105311346/tools/bin/../lib/gcc/arm-none-eabi/9.3.1/../../../../arm-none-eabi/lib/thumb/v6-m/nofp\libc_nano.a(lib_a-memchr-stub.o)
 .ARM.attributes
                0x000000000000073c       0x2c c:/st/stm32cubeide_1.7.0/stm32cubeide/plugins/com.st.stm32cube.ide.mcu.externaltools.gnu-tools-for-stm32.9-2020-q2-update.win32_2.0.0.202105311346/tools/bin/../lib/gcc/arm-none-eabi/9.3.1/../../../../arm-none-eabi/lib/thumb/v6-m/nofp\libc_nano.a(lib_a-memcpy-stub.o)
 .ARM.attributes
                0x0000000000000768       0x2c c:/st/stm32cubeide_1.7.0/stm32cubeide/plugins/com.st.stm32cube.ide.mcu.externaltools.gnu-tools-for-stm32.9-2020-q2-update.win32_2.0.0.202105311346/tools/bin/../lib/gcc/arm-none-eabi/9.3.1/../../../../arm-none-eabi/lib/thumb/v6-m/nofp\libc_nano.a(lib_a-memmove.o)
 .ARM.attributes
                0x0000000000000794       0x2c c:/st/stm32cubeide_1.7.0/stm32cubeide/plugins/com.st.stm32cube.ide.mcu.externaltools.gnu-tools-for-stm32.9-2020-q2-update.win32_2.0.0.202105311346/tools/bin/../lib/gcc/arm-none-eabi/9.3.1/../../../../arm-none-eabi/lib/thumb/v6-m/nofp\libc_nano.a(lib_a-nano-freer.o)
 .ARM.attributes
                0x00000000000007c0       0x2c c:/st/stm32cubeide_1.7.0/stm32cubeide/plugins/com.st.stm32cube.ide.mcu.externaltools.gnu-tools-for-stm32.9-2020-q2-update.win32_2.0.0.202105311346/tools/bin/../lib/gcc/arm-none-eabi/9.3.1/../../../../arm-none-eabi/lib/thumb/v6-m/nofp\libc_nano.a(lib_a-nano-mallocr.o)
 .ARM.attributes
                0x00000000000007ec       0x2c c:/st/stm32cubeide_1.7.0/stm32cubeide/plugins/com.st.stm32cube.ide.mcu.externaltools.gnu-tools-for-stm32.9-2020-q2-update.win32_2.0.0.202105311346/tools/bin/../lib/gcc/arm-none-eabi/9.3.1/../../../../arm-none-eabi/lib/thumb/v6-m/nofp\libc_nano.a(lib_a-nano-reallocr.o)
 .ARM.attributes
                0x0000000000000818       0x2c c:/st/stm32cubeide_1.7.0/stm32cubeide/plugins/com.st.stm32cube.ide.mcu.externaltools.gnu-tools-for-stm32.9-2020-q2-update.win32_2.0.0.202105311346/tools/bin/../lib/gcc/arm-none-eabi/9.3.1/../../../../arm-none-eabi/lib/thumb/v6-m/nofp\libc_nano.a(lib_a-sbrkr.o)
 .ARM.attributes
                0x0000000000000844       0x2c c:/st/stm32cubeide_1.7.0/stm32cubeide/plugins/com.st.stm32cube.ide.mcu.externaltools.gnu-tools-for-stm32.9-2020-q2-update.win32_2.0.0.202105311346/tools/bin/../lib/gcc/arm-none-eabi/9.3.1/../../../../arm-none-eabi/lib/thumb/v6-m/nofp\libc_nano.a(lib_a-mlock.o)
 .ARM.attributes
                0x0000000000000870       0x2c c:/st/stm32cubeide_1.7.0/stm32cubeide/plugins/com.st.stm32cube.ide.mcu.externaltools.gnu-tools-for-stm32.9-2020-q2-update.win32_2.0.0.202105311346/tools/bin/../lib/gcc/arm-none-eabi/9.3.1/../../../../arm-none-eabi/lib/thumb/v6-m/nofp\libc_nano.a(lib_a-nano-msizer.o)
 .ARM.attributes
                0x000000000000089c       0x2c c:/st/stm32cubeide_1.7.0/stm32cubeide/plugins/com.st.stm32cube.ide.mcu.externaltools.gnu-tools-for-stm32.9-2020-q2-update.win32_2.0.0.202105311346/tools/bin/../lib/gcc/arm-none-eabi/9.3.1/../../../../arm-none-eabi/lib/thumb/v6-m/nofp\libc_nano.a(lib_a-reent.o)
 .ARM.attributes
                0x00000000000008c8       0x2c c:/st/stm32cubeide_1.7.0/stm32cubeide/plugins/com.st.stm32cube.ide.mcu.externaltools.gnu-tools-for-stm32.9-2020-q2-update.win32_2.0.0.202105311346/tools/bin/../lib/gcc/arm-none-eabi/9.3.1/../../../../arm-none-eabi/lib/thumb/v6-m/nofp\libc_nano.a(lib_a-lock.o)
 .ARM.attributes
                0x00000000000008f4       0x1e c:/st/stm32cubeide_1.7.0/stm32cubeide/plugins/com.st.stm32cube.ide.mcu.externaltools.gnu-tools-for-stm32.9-2020-q2-update.win32_2.0.0.202105311346/tools/bin/../lib/gcc/arm-none-eabi/9.3.1/thumb/v6-m/nofp\libgcc.a(_thumb1_case_sqi.o)
 .ARM.attributes
                0x0000000000000912       0x1e c:/st/stm32cubeide_1.7.0/stm32cubeide/plugins/com.st.stm32cube.ide.mcu.externaltools.gnu-tools-for-stm32.9-2020-q2-update.win32_2.0.0.202105311346/tools/bin/../lib/gcc/arm-none-eabi/9.3.1/thumb/v6-m/nofp\libgcc.a(_thumb1_case_uqi.o)
 .ARM.attributes
                0x0000000000000930       0x1e c:/st/stm32cubeide_1.7.0/stm32cubeide/plugins/com.st.stm32cube.ide.mcu.externaltools.gnu-tools-for-stm32.9-2020-q2-update.win32_2.0.0.202105311346/tools/bin/../lib/gcc/arm-none-eabi/9.3.1/thumb/v6-m/nofp\libgcc.a(_thumb1_case_shi.o)
 .ARM.attributes
                0x000000000000094e       0x1e c:/st/stm32cubeide_1.7.0/stm32cubeide/plugins/com.st.stm32cube.ide.mcu.externaltools.gnu-tools-for-stm32.9-2020-q2-update.win32_2.0.0.202105311346/tools/bin/../lib/gcc/arm-none-eabi/9.3.1/thumb/v6-m/nofp\libgcc.a(_udivsi3.o)
 .ARM.attributes
                0x000000000000096c       0x1e c:/st/stm32cubeide_1.7.0/stm32cubeide/plugins/com.st.stm32cube.ide.mcu.externaltools.gnu-tools-for-stm32.9-2020-q2-update.win32_2.0.0.202105311346/tools/bin/../lib/gcc/arm-none-eabi/9.3.1/thumb/v6-m/nofp\libgcc.a(_divsi3.o)
 .ARM.attributes
                0x000000000000098a       0x1e c:/st/stm32cubeide_1.7.0/stm32cubeide/plugins/com.st.stm32cube.ide.mcu.externaltools.gnu-tools-for-stm32.9-2020-q2-update.win32_2.0.0.202105311346/tools/bin/../lib/gcc/arm-none-eabi/9.3.1/thumb/v6-m/nofp\libgcc.a(_dvmd_tls.o)
 .ARM.attributes
                0x00000000000009a8       0x1e c:/st/stm32cubeide_1.7.0/stm32cubeide/plugins/com.st.stm32cube.ide.mcu.externaltools.gnu-tools-for-stm32.9-2020-q2-update.win32_2.0.0.202105311346/tools/bin/../lib/gcc/arm-none-eabi/9.3.1/thumb/v6-m/nofp\libgcc.a(_aeabi_uldivmod.o)
 .ARM.attributes
                0x00000000000009c6       0x2c c:/st/stm32cubeide_1.7.0/stm32cubeide/plugins/com.st.stm32cube.ide.mcu.externaltools.gnu-tools-for-stm32.9-2020-q2-update.win32_2.0.0.202105311346/tools/bin/../lib/gcc/arm-none-eabi/9.3.1/thumb/v6-m/nofp\libgcc.a(_muldi3.o)
 .ARM.attributes
                0x00000000000009f2       0x2c c:/st/stm32cubeide_1.7.0/stm32cubeide/plugins/com.st.stm32cube.ide.mcu.externaltools.gnu-tools-for-stm32.9-2020-q2-update.win32_2.0.0.202105311346/tools/bin/../lib/gcc/arm-none-eabi/9.3.1/thumb/v6-m/nofp\libgcc.a(_fixunssfsi.o)
 .ARM.attributes
                0x0000000000000a1e       0x2c c:/st/stm32cubeide_1.7.0/stm32cubeide/plugins/com.st.stm32cube.ide.mcu.externaltools.gnu-tools-for-stm32.9-2020-q2-update.win32_2.0.0.202105311346/tools/bin/../lib/gcc/arm-none-eabi/9.3.1/thumb/v6-m/nofp\libgcc.a(_udivmoddi4.o)
 .ARM.attributes
                0x0000000000000a4a       0x2c c:/st/stm32cubeide_1.7.0/stm32cubeide/plugins/com.st.stm32cube.ide.mcu.externaltools.gnu-tools-for-stm32.9-2020-q2-update.win32_2.0.0.202105311346/tools/bin/../lib/gcc/arm-none-eabi/9.3.1/thumb/v6-m/nofp\libgcc.a(mulsf3.o)
 .ARM.attributes
                0x0000000000000a76       0x2c c:/st/stm32cubeide_1.7.0/stm32cubeide/plugins/com.st.stm32cube.ide.mcu.externaltools.gnu-tools-for-stm32.9-2020-q2-update.win32_2.0.0.202105311346/tools/bin/../lib/gcc/arm-none-eabi/9.3.1/thumb/v6-m/nofp\libgcc.a(subsf3.o)
 .ARM.attributes
                0x0000000000000aa2       0x2c c:/st/stm32cubeide_1.7.0/stm32cubeide/plugins/com.st.stm32cube.ide.mcu.externaltools.gnu-tools-for-stm32.9-2020-q2-update.win32_2.0.0.202105311346/tools/bin/../lib/gcc/arm-none-eabi/9.3.1/thumb/v6-m/nofp\libgcc.a(fixsfsi.o)
 .ARM.attributes
                0x0000000000000ace       0x2c c:/st/stm32cubeide_1.7.0/stm32cubeide/plugins/com.st.stm32cube.ide.mcu.externaltools.gnu-tools-for-stm32.9-2020-q2-update.win32_2.0.0.202105311346/tools/bin/../lib/gcc/arm-none-eabi/9.3.1/thumb/v6-m/nofp\libgcc.a(floatsisf.o)
 .ARM.attributes
                0x0000000000000afa       0x1e c:/st/stm32cubeide_1.7.0/stm32cubeide/plugins/com.st.stm32cube.ide.mcu.externaltools.gnu-tools-for-stm32.9-2020-q2-update.win32_2.0.0.202105311346/tools/bin/../lib/gcc/arm-none-eabi/9.3.1/thumb/v6-m/nofp\libgcc.a(_arm_cmpsf2.o)
 .ARM.attributes
                0x0000000000000b18       0x1e c:/st/stm32cubeide_1.7.0/stm32cubeide/plugins/com.st.stm32cube.ide.mcu.externaltools.gnu-tools-for-stm32.9-2020-q2-update.win32_2.0.0.202105311346/tools/bin/../lib/gcc/arm-none-eabi/9.3.1/thumb/v6-m/nofp\libgcc.a(_clzsi2.o)
 .ARM.attributes
                0x0000000000000b36       0x1e c:/st/stm32cubeide_1.7.0/stm32cubeide/plugins/com.st.stm32cube.ide.mcu.externaltools.gnu-tools-for-stm32.9-2020-q2-update.win32_2.0.0.202105311346/tools/bin/../lib/gcc/arm-none-eabi/9.3.1/thumb/v6-m/nofp\libgcc.a(_clzdi2.o)
 .ARM.attributes
                0x0000000000000b54       0x2c c:/st/stm32cubeide_1.7.0/stm32cubeide/plugins/com.st.stm32cube.ide.mcu.externaltools.gnu-tools-for-stm32.9-2020-q2-update.win32_2.0.0.202105311346/tools/bin/../lib/gcc/arm-none-eabi/9.3.1/thumb/v6-m/nofp\libgcc.a(eqsf2.o)
 .ARM.attributes
                0x0000000000000b80       0x2c c:/st/stm32cubeide_1.7.0/stm32cubeide/plugins/com.st.stm32cube.ide.mcu.externaltools.gnu-tools-for-stm32.9-2020-q2-update.win32_2.0.0.202105311346/tools/bin/../lib/gcc/arm-none-eabi/9.3.1/thumb/v6-m/nofp\libgcc.a(gesf2.o)
 .ARM.attributes
                0x0000000000000bac       0x2c c:/st/stm32cubeide_1.7.0/stm32cubeide/plugins/com.st.stm32cube.ide.mcu.externaltools.gnu-tools-for-stm32.9-2020-q2-update.win32_2.0.0.202105311346/tools/bin/../lib/gcc/arm-none-eabi/9.3.1/thumb/v6-m/nofp\libgcc.a(lesf2.o)
 .ARM.attributes
                0x0000000000000bd8       0x1e c:/st/stm32cubeide_1.7.0/stm32cubeide/plugins/com.st.stm32cube.ide.mcu.externaltools.gnu-tools-for-stm32.9-2020-q2-update.win32_2.0.0.202105311346/tools/bin/../lib/gcc/arm-none-eabi/9.3.1/thumb/v6-m/nofp/crtn.o
OUTPUT(Weather_station.elf elf32-littlearm)
LOAD linker stubs
LOAD c:/st/stm32cubeide_1.7.0/stm32cubeide/plugins/com.st.stm32cube.ide.mcu.externaltools.gnu-tools-for-stm32.9-2020-q2-update.win32_2.0.0.202105311346/tools/bin/../lib/gcc/arm-none-eabi/9.3.1/../../../../arm-none-eabi/lib/thumb/v6-m/nofp\libc.a
LOAD c:/st/stm32cubeide_1.7.0/stm32cubeide/plugins/com.st.stm32cube.ide.mcu.externaltools.gnu-tools-for-stm32.9-2020-q2-update.win32_2.0.0.202105311346/tools/bin/../lib/gcc/arm-none-eabi/9.3.1/../../../../arm-none-eabi/lib/thumb/v6-m/nofp\libm.a
LOAD c:/st/stm32cubeide_1.7.0/stm32cubeide/plugins/com.st.stm32cube.ide.mcu.externaltools.gnu-tools-for-stm32.9-2020-q2-update.win32_2.0.0.202105311346/tools/bin/../lib/gcc/arm-none-eabi/9.3.1/thumb/v6-m/nofp\libgcc.a

.debug_info     0x0000000000000000    0x1fe40
 .debug_info    0x0000000000000000      0xf79 ./Core/Src/BMP280.o
 .debug_info    0x0000000000000f79     0x1a0c ./Core/Src/ESP01.o
 .debug_info    0x0000000000002985     0x15f2 ./Core/Src/INA219.o
 .debug_info    0x0000000000003f77      0x3e5 ./Core/Src/RingBuffer.o
 .debug_info    0x000000000000435c     0x1099 ./Core/Src/Utilis.o
 .debug_info    0x00000000000053f5      0x7cc ./Core/Src/delay.o
 .debug_info    0x0000000000005bc1      0xce5 ./Core/Src/dht11.o
 .debug_info    0x00000000000068a6      0x502 ./Core/Src/gpio.o
 .debug_info    0x0000000000006da8      0xafb ./Core/Src/i2c.o
 .debug_info    0x00000000000078a3     0x20d1 ./Core/Src/main.o
 .debug_info    0x0000000000009974      0xc3a ./Core/Src/parser.o
 .debug_info    0x000000000000a5ae      0x2c9 ./Core/Src/stm32l0xx_hal_msp.o
 .debug_info    0x000000000000a877      0x798 ./Core/Src/stm32l0xx_it.o
 .debug_info    0x000000000000b00f      0xa4e ./Core/Src/sysmem.o
 .debug_info    0x000000000000ba5d      0x37c ./Core/Src/system_stm32l0xx.o
 .debug_info    0x000000000000bdd9      0xa2f ./Core/Src/tim.o
 .debug_info    0x000000000000c808      0xb83 ./Core/Src/usart.o
 .debug_info    0x000000000000d38b       0x22 ./Core/Startup/startup_stm32l031k6tx.o
 .debug_info    0x000000000000d3ad      0x98f ./Drivers/STM32L0xx_HAL_Driver/Src/stm32l0xx_hal.o
 .debug_info    0x000000000000dd3c      0x967 ./Drivers/STM32L0xx_HAL_Driver/Src/stm32l0xx_hal_cortex.o
 .debug_info    0x000000000000e6a3      0x962 ./Drivers/STM32L0xx_HAL_Driver/Src/stm32l0xx_hal_dma.o
 .debug_info    0x000000000000f005      0x7cd ./Drivers/STM32L0xx_HAL_Driver/Src/stm32l0xx_hal_gpio.o
 .debug_info    0x000000000000f7d2     0x3f8c ./Drivers/STM32L0xx_HAL_Driver/Src/stm32l0xx_hal_i2c.o
 .debug_info    0x000000000001375e      0x9e2 ./Drivers/STM32L0xx_HAL_Driver/Src/stm32l0xx_hal_i2c_ex.o
 .debug_info    0x0000000000014140      0xcd1 ./Drivers/STM32L0xx_HAL_Driver/Src/stm32l0xx_hal_rcc.o
 .debug_info    0x0000000000014e11      0x607 ./Drivers/STM32L0xx_HAL_Driver/Src/stm32l0xx_hal_rcc_ex.o
 .debug_info    0x0000000000015418     0x4258 ./Drivers/STM32L0xx_HAL_Driver/Src/stm32l0xx_hal_tim.o
 .debug_info    0x0000000000019670      0x7f0 ./Drivers/STM32L0xx_HAL_Driver/Src/stm32l0xx_hal_tim_ex.o
 .debug_info    0x0000000000019e60     0x4f60 ./Drivers/STM32L0xx_HAL_Driver/Src/stm32l0xx_hal_uart.o
 .debug_info    0x000000000001edc0     0x1080 ./Drivers/STM32L0xx_HAL_Driver/Src/stm32l0xx_hal_uart_ex.o

.debug_abbrev   0x0000000000000000     0x467c
 .debug_abbrev  0x0000000000000000      0x326 ./Core/Src/BMP280.o
 .debug_abbrev  0x0000000000000326      0x35e ./Core/Src/ESP01.o
 .debug_abbrev  0x0000000000000684      0x347 ./Core/Src/INA219.o
 .debug_abbrev  0x00000000000009cb      0x193 ./Core/Src/RingBuffer.o
 .debug_abbrev  0x0000000000000b5e      0x24b ./Core/Src/Utilis.o
 .debug_abbrev  0x0000000000000da9      0x22e ./Core/Src/delay.o
 .debug_abbrev  0x0000000000000fd7      0x2cf ./Core/Src/dht11.o
 .debug_abbrev  0x00000000000012a6      0x18d ./Core/Src/gpio.o
 .debug_abbrev  0x0000000000001433      0x20a ./Core/Src/i2c.o
 .debug_abbrev  0x000000000000163d      0x32f ./Core/Src/main.o
 .debug_abbrev  0x000000000000196c      0x25e ./Core/Src/parser.o
 .debug_abbrev  0x0000000000001bca       0xf8 ./Core/Src/stm32l0xx_hal_msp.o
 .debug_abbrev  0x0000000000001cc2      0x1c8 ./Core/Src/stm32l0xx_it.o
 .debug_abbrev  0x0000000000001e8a      0x1f4 ./Core/Src/sysmem.o
 .debug_abbrev  0x000000000000207e      0x14b ./Core/Src/system_stm32l0xx.o
 .debug_abbrev  0x00000000000021c9      0x1fb ./Core/Src/tim.o
 .debug_abbrev  0x00000000000023c4      0x208 ./Core/Src/usart.o
 .debug_abbrev  0x00000000000025cc       0x12 ./Core/Startup/startup_stm32l031k6tx.o
 .debug_abbrev  0x00000000000025de      0x2d4 ./Drivers/STM32L0xx_HAL_Driver/Src/stm32l0xx_hal.o
 .debug_abbrev  0x00000000000028b2      0x28d ./Drivers/STM32L0xx_HAL_Driver/Src/stm32l0xx_hal_cortex.o
 .debug_abbrev  0x0000000000002b3f      0x23f ./Drivers/STM32L0xx_HAL_Driver/Src/stm32l0xx_hal_dma.o
 .debug_abbrev  0x0000000000002d7e      0x205 ./Drivers/STM32L0xx_HAL_Driver/Src/stm32l0xx_hal_gpio.o
 .debug_abbrev  0x0000000000002f83      0x3ba ./Drivers/STM32L0xx_HAL_Driver/Src/stm32l0xx_hal_i2c.o
 .debug_abbrev  0x000000000000333d      0x1da ./Drivers/STM32L0xx_HAL_Driver/Src/stm32l0xx_hal_i2c_ex.o
 .debug_abbrev  0x0000000000003517      0x303 ./Drivers/STM32L0xx_HAL_Driver/Src/stm32l0xx_hal_rcc.o
 .debug_abbrev  0x000000000000381a      0x212 ./Drivers/STM32L0xx_HAL_Driver/Src/stm32l0xx_hal_rcc_ex.o
 .debug_abbrev  0x0000000000003a2c      0x38e ./Drivers/STM32L0xx_HAL_Driver/Src/stm32l0xx_hal_tim.o
 .debug_abbrev  0x0000000000003dba      0x1dc ./Drivers/STM32L0xx_HAL_Driver/Src/stm32l0xx_hal_tim_ex.o
 .debug_abbrev  0x0000000000003f96      0x3db ./Drivers/STM32L0xx_HAL_Driver/Src/stm32l0xx_hal_uart.o
 .debug_abbrev  0x0000000000004371      0x30b ./Drivers/STM32L0xx_HAL_Driver/Src/stm32l0xx_hal_uart_ex.o

.debug_loc      0x0000000000000000    0x1061d
 .debug_loc     0x0000000000000000      0x756 ./Core/Src/BMP280.o
 .debug_loc     0x0000000000000756      0x57d ./Core/Src/ESP01.o
 .debug_loc     0x0000000000000cd3      0x393 ./Core/Src/INA219.o
 .debug_loc     0x0000000000001066      0x20f ./Core/Src/RingBuffer.o
 .debug_loc     0x0000000000001275       0xab ./Core/Src/Utilis.o
 .debug_loc     0x0000000000001320       0x6a ./Core/Src/delay.o
 .debug_loc     0x000000000000138a      0x20b ./Core/Src/dht11.o
 .debug_loc     0x0000000000001595       0x57 ./Core/Src/i2c.o
 .debug_loc     0x00000000000015ec       0x25 ./Core/Src/main.o
 .debug_loc     0x0000000000001611      0x1a8 ./Core/Src/parser.o
 .debug_loc     0x00000000000017b9       0x69 ./Core/Src/sysmem.o
 .debug_loc     0x0000000000001822      0x178 ./Core/Src/system_stm32l0xx.o
 .debug_loc     0x000000000000199a       0x57 ./Core/Src/usart.o
 .debug_loc     0x00000000000019f1      0x13e ./Drivers/STM32L0xx_HAL_Driver/Src/stm32l0xx_hal.o
 .debug_loc     0x0000000000001b2f      0x44f ./Drivers/STM32L0xx_HAL_Driver/Src/stm32l0xx_hal_cortex.o
 .debug_loc     0x0000000000001f7e      0x853 ./Drivers/STM32L0xx_HAL_Driver/Src/stm32l0xx_hal_dma.o
 .debug_loc     0x00000000000027d1      0x386 ./Drivers/STM32L0xx_HAL_Driver/Src/stm32l0xx_hal_gpio.o
 .debug_loc     0x0000000000002b57     0x4009 ./Drivers/STM32L0xx_HAL_Driver/Src/stm32l0xx_hal_i2c.o
 .debug_loc     0x0000000000006b60      0x1b0 ./Drivers/STM32L0xx_HAL_Driver/Src/stm32l0xx_hal_i2c_ex.o
 .debug_loc     0x0000000000006d10      0x70a ./Drivers/STM32L0xx_HAL_Driver/Src/stm32l0xx_hal_rcc.o
 .debug_loc     0x000000000000741a      0x377 ./Drivers/STM32L0xx_HAL_Driver/Src/stm32l0xx_hal_rcc_ex.o
 .debug_loc     0x0000000000007791     0x51dd ./Drivers/STM32L0xx_HAL_Driver/Src/stm32l0xx_hal_tim.o
 .debug_loc     0x000000000000c96e       0xde ./Drivers/STM32L0xx_HAL_Driver/Src/stm32l0xx_hal_tim_ex.o
 .debug_loc     0x000000000000ca4c     0x32b7 ./Drivers/STM32L0xx_HAL_Driver/Src/stm32l0xx_hal_uart.o
 .debug_loc     0x000000000000fd03      0x91a ./Drivers/STM32L0xx_HAL_Driver/Src/stm32l0xx_hal_uart_ex.o

.debug_aranges  0x0000000000000000      0xe78
 .debug_aranges
                0x0000000000000000       0x60 ./Core/Src/BMP280.o
 .debug_aranges
                0x0000000000000060       0x50 ./Core/Src/ESP01.o
 .debug_aranges
                0x00000000000000b0       0x60 ./Core/Src/INA219.o
 .debug_aranges
                0x0000000000000110       0x58 ./Core/Src/RingBuffer.o
 .debug_aranges
                0x0000000000000168       0x28 ./Core/Src/Utilis.o
 .debug_aranges
                0x0000000000000190       0x38 ./Core/Src/delay.o
 .debug_aranges
                0x00000000000001c8       0x30 ./Core/Src/dht11.o
 .debug_aranges
                0x00000000000001f8       0x20 ./Core/Src/gpio.o
 .debug_aranges
                0x0000000000000218       0x30 ./Core/Src/i2c.o
 .debug_aranges
                0x0000000000000248       0x38 ./Core/Src/main.o
 .debug_aranges
                0x0000000000000280       0x30 ./Core/Src/parser.o
 .debug_aranges
                0x00000000000002b0       0x20 ./Core/Src/stm32l0xx_hal_msp.o
 .debug_aranges
                0x00000000000002d0       0x40 ./Core/Src/stm32l0xx_it.o
 .debug_aranges
                0x0000000000000310       0x20 ./Core/Src/sysmem.o
 .debug_aranges
                0x0000000000000330       0x28 ./Core/Src/system_stm32l0xx.o
 .debug_aranges
                0x0000000000000358       0x30 ./Core/Src/tim.o
 .debug_aranges
                0x0000000000000388       0x30 ./Core/Src/usart.o
 .debug_aranges
                0x00000000000003b8       0x28 ./Core/Startup/startup_stm32l031k6tx.o
 .debug_aranges
                0x00000000000003e0      0x108 ./Drivers/STM32L0xx_HAL_Driver/Src/stm32l0xx_hal.o
 .debug_aranges
                0x00000000000004e8       0x78 ./Drivers/STM32L0xx_HAL_Driver/Src/stm32l0xx_hal_cortex.o
 .debug_aranges
                0x0000000000000560       0x78 ./Drivers/STM32L0xx_HAL_Driver/Src/stm32l0xx_hal_dma.o
 .debug_aranges
                0x00000000000005d8       0x58 ./Drivers/STM32L0xx_HAL_Driver/Src/stm32l0xx_hal_gpio.o
 .debug_aranges
                0x0000000000000630      0x240 ./Drivers/STM32L0xx_HAL_Driver/Src/stm32l0xx_hal_i2c.o
 .debug_aranges
                0x0000000000000870       0x48 ./Drivers/STM32L0xx_HAL_Driver/Src/stm32l0xx_hal_i2c_ex.o
 .debug_aranges
                0x00000000000008b8       0x80 ./Drivers/STM32L0xx_HAL_Driver/Src/stm32l0xx_hal_rcc.o
 .debug_aranges
                0x0000000000000938       0x58 ./Drivers/STM32L0xx_HAL_Driver/Src/stm32l0xx_hal_rcc_ex.o
 .debug_aranges
                0x0000000000000990      0x270 ./Drivers/STM32L0xx_HAL_Driver/Src/stm32l0xx_hal_tim.o
 .debug_aranges
                0x0000000000000c00       0x28 ./Drivers/STM32L0xx_HAL_Driver/Src/stm32l0xx_hal_tim_ex.o
 .debug_aranges
                0x0000000000000c28      0x1e0 ./Drivers/STM32L0xx_HAL_Driver/Src/stm32l0xx_hal_uart.o
 .debug_aranges
                0x0000000000000e08       0x70 ./Drivers/STM32L0xx_HAL_Driver/Src/stm32l0xx_hal_uart_ex.o

.debug_ranges   0x0000000000000000     0x1630
 .debug_ranges  0x0000000000000000       0xb8 ./Core/Src/BMP280.o
 .debug_ranges  0x00000000000000b8       0x88 ./Core/Src/ESP01.o
 .debug_ranges  0x0000000000000140       0x50 ./Core/Src/INA219.o
 .debug_ranges  0x0000000000000190       0x68 ./Core/Src/RingBuffer.o
 .debug_ranges  0x00000000000001f8       0x18 ./Core/Src/Utilis.o
 .debug_ranges  0x0000000000000210       0x50 ./Core/Src/delay.o
 .debug_ranges  0x0000000000000260       0x88 ./Core/Src/dht11.o
 .debug_ranges  0x00000000000002e8       0x80 ./Core/Src/gpio.o
 .debug_ranges  0x0000000000000368       0x48 ./Core/Src/i2c.o
 .debug_ranges  0x00000000000003b0       0x70 ./Core/Src/main.o
 .debug_ranges  0x0000000000000420       0x40 ./Core/Src/parser.o
 .debug_ranges  0x0000000000000460       0x10 ./Core/Src/stm32l0xx_hal_msp.o
 .debug_ranges  0x0000000000000470       0x30 ./Core/Src/stm32l0xx_it.o
 .debug_ranges  0x00000000000004a0       0x10 ./Core/Src/sysmem.o
 .debug_ranges  0x00000000000004b0       0x18 ./Core/Src/system_stm32l0xx.o
 .debug_ranges  0x00000000000004c8       0x20 ./Core/Src/tim.o
 .debug_ranges  0x00000000000004e8       0x40 ./Core/Src/usart.o
 .debug_ranges  0x0000000000000528       0x20 ./Core/Startup/startup_stm32l031k6tx.o
 .debug_ranges  0x0000000000000548       0xf8 ./Drivers/STM32L0xx_HAL_Driver/Src/stm32l0xx_hal.o
 .debug_ranges  0x0000000000000640      0x100 ./Drivers/STM32L0xx_HAL_Driver/Src/stm32l0xx_hal_cortex.o
 .debug_ranges  0x0000000000000740       0xc8 ./Drivers/STM32L0xx_HAL_Driver/Src/stm32l0xx_hal_dma.o
 .debug_ranges  0x0000000000000808       0x48 ./Drivers/STM32L0xx_HAL_Driver/Src/stm32l0xx_hal_gpio.o
 .debug_ranges  0x0000000000000850      0x2a8 ./Drivers/STM32L0xx_HAL_Driver/Src/stm32l0xx_hal_i2c.o
 .debug_ranges  0x0000000000000af8       0x38 ./Drivers/STM32L0xx_HAL_Driver/Src/stm32l0xx_hal_i2c_ex.o
 .debug_ranges  0x0000000000000b30       0xd0 ./Drivers/STM32L0xx_HAL_Driver/Src/stm32l0xx_hal_rcc.o
 .debug_ranges  0x0000000000000c00       0x48 ./Drivers/STM32L0xx_HAL_Driver/Src/stm32l0xx_hal_rcc_ex.o
 .debug_ranges  0x0000000000000c48      0x5d8 ./Drivers/STM32L0xx_HAL_Driver/Src/stm32l0xx_hal_tim.o
 .debug_ranges  0x0000000000001220       0x18 ./Drivers/STM32L0xx_HAL_Driver/Src/stm32l0xx_hal_tim_ex.o
 .debug_ranges  0x0000000000001238      0x380 ./Drivers/STM32L0xx_HAL_Driver/Src/stm32l0xx_hal_uart.o
 .debug_ranges  0x00000000000015b8       0x78 ./Drivers/STM32L0xx_HAL_Driver/Src/stm32l0xx_hal_uart_ex.o

.debug_macro    0x0000000000000000    0x1459b
 .debug_macro   0x0000000000000000      0x1e2 ./Core/Src/BMP280.o
 .debug_macro   0x00000000000001e2      0xa84 ./Core/Src/BMP280.o
 .debug_macro   0x0000000000000c66      0x125 ./Core/Src/BMP280.o
 .debug_macro   0x0000000000000d8b       0x2e ./Core/Src/BMP280.o
 .debug_macro   0x0000000000000db9       0x28 ./Core/Src/BMP280.o
 .debug_macro   0x0000000000000de1       0x22 ./Core/Src/BMP280.o
 .debug_macro   0x0000000000000e03       0x8e ./Core/Src/BMP280.o
 .debug_macro   0x0000000000000e91       0x51 ./Core/Src/BMP280.o
 .debug_macro   0x0000000000000ee2      0x103 ./Core/Src/BMP280.o
 .debug_macro   0x0000000000000fe5       0x6a ./Core/Src/BMP280.o
 .debug_macro   0x000000000000104f      0x1df ./Core/Src/BMP280.o
 .debug_macro   0x000000000000122e       0x1c ./Core/Src/BMP280.o
 .debug_macro   0x000000000000124a       0x22 ./Core/Src/BMP280.o
 .debug_macro   0x000000000000126c       0xb5 ./Core/Src/BMP280.o
 .debug_macro   0x0000000000001321      0x3ad ./Core/Src/BMP280.o
 .debug_macro   0x00000000000016ce     0x7f00 ./Core/Src/BMP280.o
 .debug_macro   0x00000000000095ce       0x66 ./Core/Src/BMP280.o
 .debug_macro   0x0000000000009634     0x355c ./Core/Src/BMP280.o
 .debug_macro   0x000000000000cb90      0x174 ./Core/Src/BMP280.o
 .debug_macro   0x000000000000cd04       0x5b ./Core/Src/BMP280.o
 .debug_macro   0x000000000000cd5f      0x8b5 ./Core/Src/BMP280.o
 .debug_macro   0x000000000000d614      0x474 ./Core/Src/BMP280.o
 .debug_macro   0x000000000000da88      0x189 ./Core/Src/BMP280.o
 .debug_macro   0x000000000000dc11      0x13f ./Core/Src/BMP280.o
 .debug_macro   0x000000000000dd50      0x10d ./Core/Src/BMP280.o
 .debug_macro   0x000000000000de5d       0x82 ./Core/Src/BMP280.o
 .debug_macro   0x000000000000dedf      0x28e ./Core/Src/BMP280.o
 .debug_macro   0x000000000000e16d       0x28 ./Core/Src/BMP280.o
 .debug_macro   0x000000000000e195      0x129 ./Core/Src/BMP280.o
 .debug_macro   0x000000000000e2be      0x244 ./Core/Src/BMP280.o
 .debug_macro   0x000000000000e502      0x22c ./Core/Src/BMP280.o
 .debug_macro   0x000000000000e72e       0x5b ./Core/Src/BMP280.o
 .debug_macro   0x000000000000e789       0xa5 ./Core/Src/BMP280.o
 .debug_macro   0x000000000000e82e      0x18d ./Core/Src/BMP280.o
 .debug_macro   0x000000000000e9bb       0x16 ./Core/Src/BMP280.o
 .debug_macro   0x000000000000e9d1      0x773 ./Core/Src/BMP280.o
 .debug_macro   0x000000000000f144       0xc6 ./Core/Src/BMP280.o
 .debug_macro   0x000000000000f20a      0x5ba ./Core/Src/BMP280.o
 .debug_macro   0x000000000000f7c4       0x44 ./Core/Src/BMP280.o
 .debug_macro   0x000000000000f808      0x12a ./Core/Src/BMP280.o
 .debug_macro   0x000000000000f932       0x40 ./Core/Src/BMP280.o
 .debug_macro   0x000000000000f972       0xa0 ./Core/Src/BMP280.o
 .debug_macro   0x000000000000fa12      0x39e ./Core/Src/ESP01.o
 .debug_macro   0x000000000000fdb0       0x52 ./Core/Src/ESP01.o
 .debug_macro   0x000000000000fe02       0x18 ./Core/Src/ESP01.o
 .debug_macro   0x000000000000fe1a       0x3c ./Core/Src/ESP01.o
 .debug_macro   0x000000000000fe56       0x34 ./Core/Src/ESP01.o
 .debug_macro   0x000000000000fe8a       0x16 ./Core/Src/ESP01.o
 .debug_macro   0x000000000000fea0       0x35 ./Core/Src/ESP01.o
 .debug_macro   0x000000000000fed5      0x333 ./Core/Src/ESP01.o
 .debug_macro   0x0000000000010208       0x10 ./Core/Src/ESP01.o
 .debug_macro   0x0000000000010218       0x16 ./Core/Src/ESP01.o
 .debug_macro   0x000000000001022e       0x43 ./Core/Src/ESP01.o
 .debug_macro   0x0000000000010271       0x34 ./Core/Src/ESP01.o
 .debug_macro   0x00000000000102a5       0x10 ./Core/Src/ESP01.o
 .debug_macro   0x00000000000102b5       0x58 ./Core/Src/ESP01.o
 .debug_macro   0x000000000001030d       0x71 ./Core/Src/ESP01.o
 .debug_macro   0x000000000001037e       0x1c ./Core/Src/ESP01.o
 .debug_macro   0x000000000001039a      0x12a ./Core/Src/ESP01.o
 .debug_macro   0x00000000000104c4       0x10 ./Core/Src/ESP01.o
 .debug_macro   0x00000000000104d4       0x1c ./Core/Src/ESP01.o
 .debug_macro   0x00000000000104f0       0x52 ./Core/Src/ESP01.o
 .debug_macro   0x0000000000010542       0x22 ./Core/Src/ESP01.o
 .debug_macro   0x0000000000010564       0x10 ./Core/Src/ESP01.o
 .debug_macro   0x0000000000010574       0x40 ./Core/Src/ESP01.o
 .debug_macro   0x00000000000105b4       0xd5 ./Core/Src/ESP01.o
 .debug_macro   0x0000000000010689       0x1c ./Core/Src/ESP01.o
 .debug_macro   0x00000000000106a5       0x3d ./Core/Src/ESP01.o
 .debug_macro   0x00000000000106e2       0x16 ./Core/Src/ESP01.o
 .debug_macro   0x00000000000106f8      0x145 ./Core/Src/ESP01.o
 .debug_macro   0x000000000001083d       0x10 ./Core/Src/ESP01.o
 .debug_macro   0x000000000001084d       0x16 ./Core/Src/ESP01.o
 .debug_macro   0x0000000000010863       0x20 ./Core/Src/ESP01.o
 .debug_macro   0x0000000000010883       0x10 ./Core/Src/ESP01.o
 .debug_macro   0x0000000000010893      0x34e ./Core/Src/INA219.o
 .debug_macro   0x0000000000010be1       0x4c ./Core/Src/INA219.o
 .debug_macro   0x0000000000010c2d      0x1a9 ./Core/Src/INA219.o
 .debug_macro   0x0000000000010dd6       0x1c ./Core/Src/INA219.o
 .debug_macro   0x0000000000010df2      0x1e3 ./Core/Src/RingBuffer.o